Component: ARM Compiler 5.06 update 6 (build 750) Tool: armlink [4d35ed]

==============================================================================

Section Cross References

    startup_stm32f10x_hd.o(RESET) refers to startup_stm32f10x_hd.o(STACK) for __initial_sp
    startup_stm32f10x_hd.o(RESET) refers to startup_stm32f10x_hd.o(.text) for Reset_Handler
    startup_stm32f10x_hd.o(RESET) refers to stm32f10x_it.o(i.NMI_Handler) for NMI_Handler
    startup_stm32f10x_hd.o(RESET) refers to stm32f10x_it.o(i.HardFault_Handler) for HardFault_Handler
    startup_stm32f10x_hd.o(RESET) refers to stm32f10x_it.o(i.MemManage_Handler) for MemManage_Handler
    startup_stm32f10x_hd.o(RESET) refers to stm32f10x_it.o(i.BusFault_Handler) for BusFault_Handler
    startup_stm32f10x_hd.o(RESET) refers to stm32f10x_it.o(i.UsageFault_Handler) for UsageFault_Handler
    startup_stm32f10x_hd.o(RESET) refers to port.o(.emb_text) for SVC_Handler
    startup_stm32f10x_hd.o(RESET) refers to stm32f10x_it.o(i.DebugMon_Handler) for DebugMon_Handler
    startup_stm32f10x_hd.o(RESET) refers to stm32f10x_it.o(i.SysTick_Handler) for SysTick_Handler
    startup_stm32f10x_hd.o(RESET) refers to hal_uart.o(i.USART1_IRQHandler) for USART1_IRQHandler
    startup_stm32f10x_hd.o(.text) refers to system_stm32f10x.o(i.SystemInit) for SystemInit
    startup_stm32f10x_hd.o(.text) refers to entry.o(.ARM.Collect$$$$00000000) for __main
    stm32f10x_adc.o(i.ADC_DeInit) refers to stm32f10x_rcc.o(i.RCC_APB2PeriphResetCmd) for RCC_APB2PeriphResetCmd
    stm32f10x_bkp.o(i.BKP_DeInit) refers to stm32f10x_rcc.o(i.RCC_BackupResetCmd) for RCC_BackupResetCmd
    stm32f10x_can.o(i.CAN_DeInit) refers to stm32f10x_rcc.o(i.RCC_APB1PeriphResetCmd) for RCC_APB1PeriphResetCmd
    stm32f10x_can.o(i.CAN_GetITStatus) refers to stm32f10x_can.o(i.CheckITStatus) for CheckITStatus
    stm32f10x_cec.o(i.CEC_DeInit) refers to stm32f10x_rcc.o(i.RCC_APB1PeriphResetCmd) for RCC_APB1PeriphResetCmd
    stm32f10x_dac.o(i.DAC_DeInit) refers to stm32f10x_rcc.o(i.RCC_APB1PeriphResetCmd) for RCC_APB1PeriphResetCmd
    stm32f10x_flash.o(i.FLASH_EnableWriteProtection) refers to stm32f10x_flash.o(i.FLASH_WaitForLastOperation) for FLASH_WaitForLastOperation
    stm32f10x_flash.o(i.FLASH_EraseAllBank1Pages) refers to stm32f10x_flash.o(i.FLASH_WaitForLastBank1Operation) for FLASH_WaitForLastBank1Operation
    stm32f10x_flash.o(i.FLASH_EraseAllPages) refers to stm32f10x_flash.o(i.FLASH_WaitForLastOperation) for FLASH_WaitForLastOperation
    stm32f10x_flash.o(i.FLASH_EraseOptionBytes) refers to stm32f10x_flash.o(i.FLASH_GetReadOutProtectionStatus) for FLASH_GetReadOutProtectionStatus
    stm32f10x_flash.o(i.FLASH_EraseOptionBytes) refers to stm32f10x_flash.o(i.FLASH_WaitForLastOperation) for FLASH_WaitForLastOperation
    stm32f10x_flash.o(i.FLASH_ErasePage) refers to stm32f10x_flash.o(i.FLASH_WaitForLastOperation) for FLASH_WaitForLastOperation
    stm32f10x_flash.o(i.FLASH_ProgramHalfWord) refers to stm32f10x_flash.o(i.FLASH_WaitForLastOperation) for FLASH_WaitForLastOperation
    stm32f10x_flash.o(i.FLASH_ProgramOptionByteData) refers to stm32f10x_flash.o(i.FLASH_WaitForLastOperation) for FLASH_WaitForLastOperation
    stm32f10x_flash.o(i.FLASH_ProgramWord) refers to stm32f10x_flash.o(i.FLASH_WaitForLastOperation) for FLASH_WaitForLastOperation
    stm32f10x_flash.o(i.FLASH_ReadOutProtection) refers to stm32f10x_flash.o(i.FLASH_WaitForLastOperation) for FLASH_WaitForLastOperation
    stm32f10x_flash.o(i.FLASH_UserOptionByteConfig) refers to stm32f10x_flash.o(i.FLASH_WaitForLastOperation) for FLASH_WaitForLastOperation
    stm32f10x_flash.o(i.FLASH_WaitForLastBank1Operation) refers to stm32f10x_flash.o(i.FLASH_GetBank1Status) for FLASH_GetBank1Status
    stm32f10x_flash.o(i.FLASH_WaitForLastOperation) refers to stm32f10x_flash.o(i.FLASH_GetBank1Status) for FLASH_GetBank1Status
    stm32f10x_gpio.o(i.GPIO_AFIODeInit) refers to stm32f10x_rcc.o(i.RCC_APB2PeriphResetCmd) for RCC_APB2PeriphResetCmd
    stm32f10x_gpio.o(i.GPIO_DeInit) refers to stm32f10x_rcc.o(i.RCC_APB2PeriphResetCmd) for RCC_APB2PeriphResetCmd
    stm32f10x_i2c.o(i.I2C_DeInit) refers to stm32f10x_rcc.o(i.RCC_APB1PeriphResetCmd) for RCC_APB1PeriphResetCmd
    stm32f10x_i2c.o(i.I2C_Init) refers to stm32f10x_rcc.o(i.RCC_GetClocksFreq) for RCC_GetClocksFreq
    stm32f10x_pwr.o(i.PWR_DeInit) refers to stm32f10x_rcc.o(i.RCC_APB1PeriphResetCmd) for RCC_APB1PeriphResetCmd
    stm32f10x_rcc.o(i.RCC_GetClocksFreq) refers to stm32f10x_rcc.o(.data) for APBAHBPrescTable
    stm32f10x_rcc.o(i.RCC_WaitForHSEStartUp) refers to stm32f10x_rcc.o(i.RCC_GetFlagStatus) for RCC_GetFlagStatus
    stm32f10x_rtc.o(i.RTC_SetAlarm) refers to stm32f10x_rtc.o(i.RTC_EnterConfigMode) for RTC_EnterConfigMode
    stm32f10x_rtc.o(i.RTC_SetAlarm) refers to stm32f10x_rtc.o(i.RTC_ExitConfigMode) for RTC_ExitConfigMode
    stm32f10x_rtc.o(i.RTC_SetCounter) refers to stm32f10x_rtc.o(i.RTC_EnterConfigMode) for RTC_EnterConfigMode
[...]
    Removing stm32f10x_rcc.o(i.RCC_PLLConfig), (28 bytes).
    Removing stm32f10x_rcc.o(i.RCC_RTCCLKCmd), (12 bytes).
    Removing stm32f10x_rcc.o(i.RCC_RTCCLKConfig), (16 bytes).
    Removing stm32f10x_rcc.o(i.RCC_SYSCLKConfig), (24 bytes).
    Removing stm32f10x_rcc.o(i.RCC_USBCLKConfig), (12 bytes).
    Removing stm32f10x_rcc.o(i.RCC_WaitForHSEStartUp), (56 bytes).
    Removing stm32f10x_rtc.o(i.RTC_ClearFlag), (16 bytes).
    Removing stm32f10x_rtc.o(i.RTC_ClearITPendingBit), (16 bytes).
    Removing stm32f10x_rtc.o(i.RTC_EnterConfigMode), (20 bytes).
    Removing stm32f10x_rtc.o(i.RTC_ExitConfigMode), (20 bytes).
    Removing stm32f10x_rtc.o(i.RTC_GetCounter), (20 bytes).
    Removing stm32f10x_rtc.o(i.RTC_GetDivider), (24 bytes).
    Removing stm32f10x_rtc.o(i.RTC_GetFlagStatus), (24 bytes).
    Removing stm32f10x_rtc.o(i.RTC_GetITStatus), (36 bytes).
    Removing stm32f10x_rtc.o(i.RTC_ITConfig), (32 bytes).
    Removing stm32f10x_rtc.o(i.RTC_SetAlarm), (28 bytes).
    Removing stm32f10x_rtc.o(i.RTC_SetCounter), (28 bytes).
    Removing stm32f10x_rtc.o(i.RTC_SetPrescaler), (32 bytes).
    Removing stm32f10x_rtc.o(i.RTC_WaitForLastTask), (20 bytes).
    Removing stm32f10x_rtc.o(i.RTC_WaitForSynchro), (36 bytes).
    Removing stm32f10x_sdio.o(i.SDIO_CEATAITCmd), (16 bytes).
    Removing stm32f10x_sdio.o(i.SDIO_ClearFlag), (12 bytes).
    Removing stm32f10x_sdio.o(i.SDIO_ClearITPendingBit), (12 bytes).
    Removing stm32f10x_sdio.o(i.SDIO_ClockCmd), (12 bytes).
    Removing stm32f10x_sdio.o(i.SDIO_CmdStructInit), (14 bytes).
    Removing stm32f10x_sdio.o(i.SDIO_CommandCompletionCmd), (12 bytes).
    Removing stm32f10x_sdio.o(i.SDIO_DMACmd), (12 bytes).
    Removing stm32f10x_sdio.o(i.SDIO_DataConfig), (48 bytes).
    Removing stm32f10x_sdio.o(i.SDIO_DataStructInit), (20 bytes).
    Removing stm32f10x_sdio.o(i.SDIO_DeInit), (36 bytes).
    Removing stm32f10x_sdio.o(i.SDIO_GetCommandResponse), (12 bytes).
    Removing stm32f10x_sdio.o(i.SDIO_GetDataCounter), (12 bytes).
    Removing stm32f10x_sdio.o(i.SDIO_GetFIFOCount), (12 bytes).
    Removing stm32f10x_sdio.o(i.SDIO_GetFlagStatus), (24 bytes).
    Removing stm32f10x_sdio.o(i.SDIO_GetITStatus), (24 bytes).
    Removing stm32f10x_sdio.o(i.SDIO_GetPowerState), (16 bytes).
    Removing stm32f10x_sdio.o(i.SDIO_GetResponse), (24 bytes).
    Removing stm32f10x_sdio.o(i.SDIO_ITConfig), (32 bytes).
    Removing stm32f10x_sdio.o(i.SDIO_Init), (48 bytes).
    Removing stm32f10x_sdio.o(i.SDIO_ReadData), (12 bytes).
    Removing stm32f10x_sdio.o(i.SDIO_SendCEATACmd), (12 bytes).
    Removing stm32f10x_sdio.o(i.SDIO_SendCommand), (44 bytes).
    Removing stm32f10x_sdio.o(i.SDIO_SendSDIOSuspendCmd), (12 bytes).
    Removing stm32f10x_sdio.o(i.SDIO_SetPowerState), (28 bytes).
    Removing stm32f10x_sdio.o(i.SDIO_SetSDIOOperation), (12 bytes).
    Removing stm32f10x_sdio.o(i.SDIO_SetSDIOReadWaitMode), (12 bytes).
    Removing stm32f10x_sdio.o(i.SDIO_StartSDIOReadWait), (12 bytes).
    Removing stm32f10x_sdio.o(i.SDIO_StopSDIOReadWait), (12 bytes).
    Removing stm32f10x_sdio.o(i.SDIO_StructInit), (16 bytes).
    Removing stm32f10x_sdio.o(i.SDIO_WriteData), (12 bytes).
    Removing stm32f10x_spi.o(i.I2S_Cmd), (24 bytes).
    Removing stm32f10x_spi.o(i.I2S_Init), (232 bytes).
    Removing stm32f10x_spi.o(i.I2S_StructInit), (20 bytes).
    Removing stm32f10x_spi.o(i.SPI_BiDirectionalLineConfig), (28 bytes).
    Removing stm32f10x_spi.o(i.SPI_CalculateCRC), (24 bytes).
    Removing stm32f10x_spi.o(i.SPI_Cmd), (24 bytes).
    Removing stm32f10x_spi.o(i.SPI_DataSizeConfig), (18 bytes).
    Removing stm32f10x_spi.o(i.SPI_GetCRC), (16 bytes).
    Removing stm32f10x_spi.o(i.SPI_GetCRCPolynomial), (6 bytes).
    Removing stm32f10x_spi.o(i.SPI_I2S_ClearFlag), (6 bytes).
    Removing stm32f10x_spi.o(i.SPI_I2S_ClearITPendingBit), (20 bytes).
    Removing stm32f10x_spi.o(i.SPI_I2S_DMACmd), (18 bytes).
    Removing stm32f10x_spi.o(i.SPI_I2S_DeInit), (88 bytes).
    Removing stm32f10x_spi.o(i.SPI_I2S_GetFlagStatus), (18 bytes).
    Removing stm32f10x_spi.o(i.SPI_I2S_GetITStatus), (52 bytes).
    Removing stm32f10x_spi.o(i.SPI_I2S_ITConfig), (32 bytes).
    Removing stm32f10x_spi.o(i.SPI_I2S_ReceiveData), (6 bytes).
    Removing stm32f10x_spi.o(i.SPI_I2S_SendData), (4 bytes).
    Removing stm32f10x_spi.o(i.SPI_Init), (60 bytes).
    Removing stm32f10x_spi.o(i.SPI_NSSInternalSoftwareConfig), (30 bytes).
    Removing stm32f10x_spi.o(i.SPI_SSOutputCmd), (24 bytes).
    Removing stm32f10x_spi.o(i.SPI_StructInit), (24 bytes).
    Removing stm32f10x_spi.o(i.SPI_TransmitCRC), (10 bytes).
    Removing stm32f10x_tim.o(i.TI1_Config), (128 bytes).
    Removing stm32f10x_tim.o(i.TI2_Config), (152 bytes).
    Removing stm32f10x_tim.o(i.TI3_Config), (144 bytes).
    Removing stm32f10x_tim.o(i.TI4_Config), (152 bytes).
    Removing stm32f10x_tim.o(i.TIM_ARRPreloadConfig), (24 bytes).
    Removing stm32f10x_tim.o(i.TIM_BDTRConfig), (32 bytes).
    Removing stm32f10x_tim.o(i.TIM_BDTRStructInit), (18 bytes).
    Removing stm32f10x_tim.o(i.TIM_CCPreloadControl), (24 bytes).
    Removing stm32f10x_tim.o(i.TIM_CCxCmd), (30 bytes).
    Removing stm32f10x_tim.o(i.TIM_CCxNCmd), (30 bytes).
    Removing stm32f10x_tim.o(i.TIM_ClearFlag), (6 bytes).
    Removing stm32f10x_tim.o(i.TIM_ClearITPendingBit), (6 bytes).
    Removing stm32f10x_tim.o(i.TIM_ClearOC1Ref), (18 bytes).
    Removing stm32f10x_tim.o(i.TIM_ClearOC2Ref), (24 bytes).
    Removing stm32f10x_tim.o(i.TIM_ClearOC3Ref), (18 bytes).
    Removing stm32f10x_tim.o(i.TIM_ClearOC4Ref), (24 bytes).
    Removing stm32f10x_tim.o(i.TIM_Cmd), (24 bytes).
    Removing stm32f10x_tim.o(i.TIM_CounterModeConfig), (18 bytes).
    Removing stm32f10x_tim.o(i.TIM_CtrlPWMOutputs), (30 bytes).
    Removing stm32f10x_tim.o(i.TIM_DMACmd), (18 bytes).
    Removing stm32f10x_tim.o(i.TIM_DMAConfig), (10 bytes).
    Removing stm32f10x_tim.o(i.TIM_DeInit), (488 bytes).
    Removing stm32f10x_tim.o(i.TIM_ETRClockMode1Config), (54 bytes).
    Removing stm32f10x_tim.o(i.TIM_ETRClockMode2Config), (32 bytes).
    Removing stm32f10x_tim.o(i.TIM_ETRConfig), (28 bytes).
    Removing stm32f10x_tim.o(i.TIM_EncoderInterfaceConfig), (66 bytes).
    Removing stm32f10x_tim.o(i.TIM_ForcedOC1Config), (18 bytes).
    Removing stm32f10x_tim.o(i.TIM_ForcedOC2Config), (26 bytes).
    Removing stm32f10x_tim.o(i.TIM_ForcedOC3Config), (18 bytes).
    Removing stm32f10x_tim.o(i.TIM_ForcedOC4Config), (26 bytes).
    Removing stm32f10x_tim.o(i.TIM_GenerateEvent), (4 bytes).
    Removing stm32f10x_tim.o(i.TIM_GetCapture1), (6 bytes).
    Removing stm32f10x_tim.o(i.TIM_GetCapture2), (6 bytes).
    Removing stm32f10x_tim.o(i.TIM_GetCapture3), (6 bytes).
    Removing stm32f10x_tim.o(i.TIM_GetCapture4), (8 bytes).
    Removing stm32f10x_tim.o(i.TIM_GetCounter), (6 bytes).
    Removing stm32f10x_tim.o(i.TIM_GetFlagStatus), (18 bytes).
    Removing stm32f10x_tim.o(i.TIM_GetITStatus), (34 bytes).
    Removing stm32f10x_tim.o(i.TIM_GetPrescaler), (6 bytes).
    Removing stm32f10x_tim.o(i.TIM_ICInit), (172 bytes).
    Removing stm32f10x_tim.o(i.TIM_ICStructInit), (18 bytes).
    Removing stm32f10x_tim.o(i.TIM_ITConfig), (18 bytes).
    Removing stm32f10x_tim.o(i.TIM_ITRxExternalClockConfig), (24 bytes).
    Removing stm32f10x_tim.o(i.TIM_InternalClockConfig), (12 bytes).
    Removing stm32f10x_tim.o(i.TIM_OC1FastConfig), (18 bytes).
    Removing stm32f10x_tim.o(i.TIM_OC1Init), (152 bytes).
    Removing stm32f10x_tim.o(i.TIM_OC1NPolarityConfig), (18 bytes).
    Removing stm32f10x_tim.o(i.TIM_OC1PolarityConfig), (18 bytes).
    Removing stm32f10x_tim.o(i.TIM_OC1PreloadConfig), (18 bytes).
    Removing stm32f10x_tim.o(i.TIM_OC2FastConfig), (26 bytes).
    Removing stm32f10x_tim.o(i.TIM_OC2Init), (164 bytes).
    Removing stm32f10x_tim.o(i.TIM_OC2NPolarityConfig), (26 bytes).
    Removing stm32f10x_tim.o(i.TIM_OC2PolarityConfig), (26 bytes).
    Removing stm32f10x_tim.o(i.TIM_OC2PreloadConfig), (26 bytes).
    Removing stm32f10x_tim.o(i.TIM_OC3FastConfig), (18 bytes).
    Removing stm32f10x_tim.o(i.TIM_OC3Init), (160 bytes).
    Removing stm32f10x_tim.o(i.TIM_OC3NPolarityConfig), (26 bytes).
    Removing stm32f10x_tim.o(i.TIM_OC3PolarityConfig), (26 bytes).
    Removing stm32f10x_tim.o(i.TIM_OC3PreloadConfig), (18 bytes).
    Removing stm32f10x_tim.o(i.TIM_OC4FastConfig), (26 bytes).
    Removing stm32f10x_tim.o(i.TIM_OC4Init), (124 bytes).
    Removing stm32f10x_tim.o(i.TIM_OC4PolarityConfig), (26 bytes).
    Removing stm32f10x_tim.o(i.TIM_OC4PreloadConfig), (26 bytes).
    Removing stm32f10x_tim.o(i.TIM_OCStructInit), (20 bytes).
    Removing stm32f10x_tim.o(i.TIM_PWMIConfig), (124 bytes).
    Removing stm32f10x_tim.o(i.TIM_PrescalerConfig), (6 bytes).
    Removing stm32f10x_tim.o(i.TIM_SelectCCDMA), (24 bytes).
    Removing stm32f10x_tim.o(i.TIM_SelectCOM), (24 bytes).
    Removing stm32f10x_tim.o(i.TIM_SelectHallSensor), (24 bytes).
    Removing stm32f10x_tim.o(i.TIM_SelectInputTrigger), (18 bytes).
    Removing stm32f10x_tim.o(i.TIM_SelectMasterSlaveMode), (18 bytes).
    Removing stm32f10x_tim.o(i.TIM_SelectOCxM), (82 bytes).
    Removing stm32f10x_tim.o(i.TIM_SelectOnePulseMode), (18 bytes).
    Removing stm32f10x_tim.o(i.TIM_SelectOutputTrigger), (18 bytes).
    Removing stm32f10x_tim.o(i.TIM_SelectSlaveMode), (18 bytes).
    Removing stm32f10x_tim.o(i.TIM_SetAutoreload), (4 bytes).
    Removing stm32f10x_tim.o(i.TIM_SetClockDivision), (18 bytes).
    Removing stm32f10x_tim.o(i.TIM_SetCompare1), (4 bytes).
    Removing stm32f10x_tim.o(i.TIM_SetCompare2), (4 bytes).
    Removing stm32f10x_tim.o(i.TIM_SetCompare3), (4 bytes).
    Removing stm32f10x_tim.o(i.TIM_SetCompare4), (6 bytes).
    Removing stm32f10x_tim.o(i.TIM_SetCounter), (4 bytes).
    Removing stm32f10x_tim.o(i.TIM_SetIC1Prescaler), (18 bytes).
    Removing stm32f10x_tim.o(i.TIM_SetIC2Prescaler), (26 bytes).
    Removing stm32f10x_tim.o(i.TIM_SetIC3Prescaler), (18 bytes).
    Removing stm32f10x_tim.o(i.TIM_SetIC4Prescaler), (26 bytes).
    Removing stm32f10x_tim.o(i.TIM_TIxExternalClockConfig), (62 bytes).
    Removing stm32f10x_tim.o(i.TIM_TimeBaseInit), (164 bytes).
    Removing stm32f10x_tim.o(i.TIM_TimeBaseStructInit), (18 bytes).
    Removing stm32f10x_tim.o(i.TIM_UpdateDisableConfig), (24 bytes).
    Removing stm32f10x_tim.o(i.TIM_UpdateRequestConfig), (24 bytes).
    Removing stm32f10x_usart.o(i.USART_ClearITPendingBit), (30 bytes).
    Removing stm32f10x_usart.o(i.USART_ClockInit), (34 bytes).
    Removing stm32f10x_usart.o(i.USART_ClockStructInit), (12 bytes).
    Removing stm32f10x_usart.o(i.USART_DMACmd), (18 bytes).
    Removing stm32f10x_usart.o(i.USART_DeInit), (156 bytes).
    Removing stm32f10x_usart.o(i.USART_GetITStatus), (84 bytes).
    Removing stm32f10x_usart.o(i.USART_HalfDuplexCmd), (24 bytes).
    Removing stm32f10x_usart.o(i.USART_IrDACmd), (24 bytes).
    Removing stm32f10x_usart.o(i.USART_IrDAConfig), (18 bytes).
    Removing stm32f10x_usart.o(i.USART_LINBreakDetectLengthConfig), (18 bytes).
    Removing stm32f10x_usart.o(i.USART_LINCmd), (24 bytes).
    Removing stm32f10x_usart.o(i.USART_OneBitMethodCmd), (24 bytes).
    Removing stm32f10x_usart.o(i.USART_OverSampling8Cmd), (22 bytes).
    Removing stm32f10x_usart.o(i.USART_ReceiverWakeUpCmd), (24 bytes).
    Removing stm32f10x_usart.o(i.USART_SendBreak), (10 bytes).
    Removing stm32f10x_usart.o(i.USART_SendData), (8 bytes).
    Removing stm32f10x_usart.o(i.USART_SetAddress), (18 bytes).
    Removing stm32f10x_usart.o(i.USART_SetGuardTime), (16 bytes).
    Removing stm32f10x_usart.o(i.USART_SetPrescaler), (16 bytes).
    Removing stm32f10x_usart.o(i.USART_SmartCardCmd), (24 bytes).
    Removing stm32f10x_usart.o(i.USART_SmartCardNACKCmd), (24 bytes).
    Removing stm32f10x_usart.o(i.USART_StructInit), (24 bytes).
    Removing stm32f10x_usart.o(i.USART_WakeUpConfig), (18 bytes).
    Removing stm32f10x_wwdg.o(i.WWDG_ClearFlag), (12 bytes).
    Removing stm32f10x_wwdg.o(i.WWDG_DeInit), (22 bytes).
    Removing stm32f10x_wwdg.o(i.WWDG_Enable), (16 bytes).
    Removing stm32f10x_wwdg.o(i.WWDG_EnableIT), (12 bytes).
    Removing stm32f10x_wwdg.o(i.WWDG_GetFlagStatus), (12 bytes).
    Removing stm32f10x_wwdg.o(i.WWDG_SetCounter), (16 bytes).
    Removing stm32f10x_wwdg.o(i.WWDG_SetPrescaler), (24 bytes).
    Removing stm32f10x_wwdg.o(i.WWDG_SetWindowValue), (40 bytes).
    Removing system_stm32f10x.o(i.SystemCoreClockUpdate), (164 bytes).
    Removing dev_led.o(i.dev_led_close), (12 bytes).
    Removing dev_beep.o(i.dev_beep_close), (12 bytes).
    Removing dev_beep.o(i.dev_beep_off), (36 bytes).
    Removing dev_beep.o(i.dev_beep_on), (36 bytes).
    Removing hal_uart.o(i.get_uart_baudrate), (28 bytes).
    Removing hal_uart.o(i.hal_uart_recvbyte), (28 bytes).
    Removing hal_uart.o(i.hal_uart_sendbuf), (84 bytes).
    Removing hal_uart.o(i.read_buf), (232 bytes).
    Removing log.o(i._sys_exit), (4 bytes).
    Removing event_groups.o(i.prvTestWaitCondition), (30 bytes).
    Removing event_groups.o(i.vEventGroupClearBitsCallback), (16 bytes).
    Removing event_groups.o(i.vEventGroupDelete), (116 bytes).
    Removing event_groups.o(i.vEventGroupSetBitsCallback), (16 bytes).
    Removing event_groups.o(i.xEventGroupClearBits), (116 bytes).
    Removing event_groups.o(i.xEventGroupCreate), (26 bytes).
    Removing event_groups.o(i.xEventGroupGetBitsFromISR), (44 bytes).
    Removing event_groups.o(i.xEventGroupSetBits), (232 bytes).
    Removing event_groups.o(i.xEventGroupSync), (276 bytes).
    Removing event_groups.o(i.xEventGroupWaitBits), (344 bytes).
    Removing queue.o(i.pcQueueGetName), (44 bytes).
    Removing queue.o(i.prvInitialiseMutex), (28 bytes).
    Removing queue.o(i.uxQueueMessagesWaiting), (68 bytes).
    Removing queue.o(i.uxQueueMessagesWaitingFromISR), (60 bytes).
    Removing queue.o(i.uxQueueSpacesAvailable), (76 bytes).
    Removing queue.o(i.vQueueDelete), (72 bytes).
    Removing queue.o(i.vQueueUnregisterQueue), (48 bytes).
    Removing queue.o(i.xQueueAddToSet), (38 bytes).
    Removing queue.o(i.xQueueCreateCountingSemaphore), (108 bytes).
    Removing queue.o(i.xQueueCreateMutex), (34 bytes).
    Removing queue.o(i.xQueueCreateSet), (20 bytes).
    Removing queue.o(i.xQueueGiveFromISR), (252 bytes).
    Removing queue.o(i.xQueueGiveMutexRecursive), (100 bytes).
    Removing queue.o(i.xQueueIsQueueEmptyFromISR), (68 bytes).
    Removing queue.o(i.xQueueIsQueueFullFromISR), (72 bytes).
    Removing queue.o(i.xQueuePeekFromISR), (184 bytes).
    Removing queue.o(i.xQueueReceiveFromISR), (220 bytes).
    Removing queue.o(i.xQueueRemoveFromSet), (48 bytes).
    Removing queue.o(i.xQueueSelectFromSet), (26 bytes).
    Removing queue.o(i.xQueueSelectFromSetFromISR), (22 bytes).
    Removing queue.o(i.xQueueTakeMutexRecursive), (108 bytes).
    Removing tasks.o(i.pcTaskGetName), (76 bytes).
    Removing tasks.o(i.prvTaskIsTaskSuspended), (116 bytes).
    Removing tasks.o(i.ulTaskNotifyTake), (116 bytes).
    Removing tasks.o(i.uxTaskGetNumberOfTasks), (12 bytes).
    Removing tasks.o(i.uxTaskPriorityGet), (36 bytes).
    Removing tasks.o(i.uxTaskPriorityGetFromISR), (68 bytes).
    Removing tasks.o(i.uxTaskResetEventItemValue), (28 bytes).
    Removing tasks.o(i.vTaskDelayUntil), (220 bytes).
    Removing tasks.o(i.vTaskDelete), (268 bytes).
    Removing tasks.o(i.vTaskEndScheduler), (36 bytes).
    Removing tasks.o(i.vTaskNotifyGiveFromISR), (256 bytes).
    Removing tasks.o(i.vTaskPlaceOnUnorderedEventList), (124 bytes).
    Removing tasks.o(i.vTaskPrioritySet), (304 bytes).
    Removing tasks.o(i.vTaskResume), (172 bytes).
    Removing tasks.o(i.vTaskSuspend), (256 bytes).
    Removing tasks.o(i.xTaskGenericNotify), (276 bytes).
    Removing tasks.o(i.xTaskGenericNotifyFromISR), (340 bytes).
    Removing tasks.o(i.xTaskGetCurrentTaskHandle), (12 bytes).
    Removing tasks.o(i.xTaskGetTickCountFromISR), (20 bytes).
    Removing tasks.o(i.xTaskNotifyStateClear), (52 bytes).
    Removing tasks.o(i.xTaskNotifyWait), (160 bytes).
    Removing tasks.o(i.xTaskRemoveFromUnorderedEventList), (192 bytes).
    Removing tasks.o(i.xTaskResumeFromISR), (204 bytes).
    Removing timers.o(i.pcTimerGetName), (64 bytes).
    Removing timers.o(i.prvInitialiseNewTimer), (108 bytes).
    Removing timers.o(i.pvTimerGetTimerID), (76 bytes).
    Removing timers.o(i.vTimerSetTimerID), (76 bytes).
    Removing timers.o(i.xTimerCreate), (48 bytes).
    Removing timers.o(i.xTimerGetExpiryTime), (68 bytes).
    Removing timers.o(i.xTimerGetPeriod), (64 bytes).
    Removing timers.o(i.xTimerGetTimerDaemonTaskHandle), (80 bytes).
    Removing timers.o(i.xTimerIsTimerActive), (88 bytes).
    Removing heap_4.o(i.vPortInitialiseBlocks), (2 bytes).
    Removing heap_4.o(i.xPortGetFreeHeapSize), (12 bytes).
    Removing heap_4.o(i.xPortGetMinimumEverFreeHeapSize), (12 bytes).
    Removing port.o(i.vPortEndScheduler), (92 bytes).
    Removing dadd.o(.text), (334 bytes).
    Removing dmul.o(.text), (228 bytes).
    Removing ddiv.o(.text), (222 bytes).
    Removing dfixul.o(.text), (48 bytes).
    Removing cdrcmple.o(.text), (48 bytes).
    Removing depilogue.o(.text), (186 bytes).

543 unused section(s) (total 27406 bytes) removed from the image.

==============================================================================

Image Symbol Table

    Local Symbols

    Symbol Name                              Value     Ov Type        Size  Object(Section)

    ../clib/microlib/division.c              0x00000000   Number         0  uldiv.o ABSOLUTE
    ../clib/microlib/division.c              0x00000000   Number         0  uidiv.o ABSOLUTE
    ../clib/microlib/init/entry.s            0x00000000   Number         0  entry10b.o ABSOLUTE
    ../clib/microlib/init/entry.s            0x00000000   Number         0  entry10a.o ABSOLUTE
    ../clib/microlib/init/entry.s            0x00000000   Number         0  entry9b.o ABSOLUTE
    ../clib/microlib/init/entry.s            0x00000000   Number         0  entry.o ABSOLUTE
    ../clib/microlib/init/entry.s            0x00000000   Number         0  entry9a.o ABSOLUTE
    ../clib/microlib/init/entry.s            0x00000000   Number         0  entry8b.o ABSOLUTE
    ../clib/microlib/init/entry.s            0x00000000   Number         0  entry8a.o ABSOLUTE
    ../clib/microlib/init/entry.s            0x00000000   Number         0  entry7b.o ABSOLUTE
    ../clib/microlib/init/entry.s            0x00000000   Number         0  entry7a.o ABSOLUTE
    ../clib/microlib/init/entry.s            0x00000000   Number         0  entry2.o ABSOLUTE
    ../clib/microlib/init/entry.s            0x00000000   Number         0  entry11b.o ABSOLUTE
    ../clib/microlib/init/entry.s            0x00000000   Number         0  entry11a.o ABSOLUTE
    ../clib/microlib/init/entry.s            0x00000000   Number         0  entry5.o ABSOLUTE
    ../clib/microlib/longlong.c              0x00000000   Number         0  llshl.o ABSOLUTE
    ../clib/microlib/longlong.c              0x00000000   Number         0  llsshr.o ABSOLUTE
    ../clib/microlib/longlong.c              0x00000000   Number         0  llushr.o ABSOLUTE
    ../clib/microlib/printf/printf.c         0x00000000   Number         0  printfa.o ABSOLUTE
    ../clib/microlib/printf/printf.c         0x00000000   Number         0  printf0.o ABSOLUTE
    ../clib/microlib/printf/printf.c         0x00000000   Number         0  printf1.o ABSOLUTE
    ../clib/microlib/printf/printf.c         0x00000000   Number         0  printfb.o ABSOLUTE
    ../clib/microlib/printf/printf.c         0x00000000   Number         0  printf2.o ABSOLUTE
    ../clib/microlib/printf/printf.c         0x00000000   Number         0  printf3.o ABSOLUTE
    ../clib/microlib/printf/printf.c         0x00000000   Number         0  printf4.o ABSOLUTE
    ../clib/microlib/printf/printf.c         0x00000000   Number         0  printf5.o ABSOLUTE
    ../clib/microlib/printf/printf.c         0x00000000   Number         0  printf6.o ABSOLUTE
    ../clib/microlib/printf/printf.c         0x00000000   Number         0  printf7.o ABSOLUTE
    ../clib/microlib/printf/printf.c         0x00000000   Number         0  printf8.o ABSOLUTE
    ../clib/microlib/printf/stubs.s          0x00000000   Number         0  stubs.o ABSOLUTE
    ../clib/microlib/string/memcpy.c         0x00000000   Number         0  memcpya.o ABSOLUTE
    ../clib/microlib/string/memcpy.c         0x00000000   Number         0  memmovea.o ABSOLUTE
    ../clib/microlib/string/memcpy.c         0x00000000   Number         0  memcpyb.o ABSOLUTE
    ../clib/microlib/string/memcpy.c         0x00000000   Number         0  memmoveb.o ABSOLUTE
    ../clib/microlib/stubs.s                 0x00000000   Number         0  useno.o ABSOLUTE
    ../clib/microlib/stubs.s                 0x00000000   Number         0  iusefp.o ABSOLUTE
    ../fplib/microlib/fpadd.c                0x00000000   Number         0  dadd.o ABSOLUTE
    ../fplib/microlib/fpdiv.c                0x00000000   Number         0  ddiv.o ABSOLUTE
    ../fplib/microlib/fpepilogue.c           0x00000000   Number         0  depilogue.o ABSOLUTE
    ../fplib/microlib/fpfix.c                0x00000000   Number         0  dfixul.o ABSOLUTE
    ../fplib/microlib/fpmul.c                0x00000000   Number         0  dmul.o ABSOLUTE
    ..\CMSIS_STM32F103ZET6\CORE\core_cm3.c   0x00000000   Number         0  core_cm3.o ABSOLUTE
    ..\CMSIS_STM32F103ZET6\CORE\startup_stm32f10x_hd.s 0x00000000   Number         0  startup_stm32f10x_hd.o ABSOLUTE
    ..\CMSIS_STM32F103ZET6\FWLIB\src\misc.c  0x00000000   Number         0  misc.o ABSOLUTE
    ..\CMSIS_STM32F103ZET6\FWLIB\src\stm32f10x_adc.c 0x00000000   Number         0  stm32f10x_adc.o ABSOLUTE
    ..\CMSIS_STM32F103ZET6\FWLIB\src\stm32f10x_bkp.c 0x00000000   Number         0  stm32f10x_bkp.o ABSOLUTE
    ..\CMSIS_STM32F103ZET6\FWLIB\src\stm32f10x_can.c 0x00000000   Number         0  stm32f10x_can.o ABSOLUTE
    ..\CMSIS_STM32F103ZET6\FWLIB\src\stm32f10x_cec.c 0x00000000   Number         0  stm32f10x_cec.o ABSOLUTE
    ..\CMSIS_STM32F103ZET6\FWLIB\src\stm32f10x_crc.c 0x00000000   Number         0  stm32f10x_crc.o ABSOLUTE
    ..\CMSIS_STM32F103ZET6\FWLIB\src\stm32f10x_dac.c 0x00000000   Number         0  stm32f10x_dac.o ABSOLUTE
    ..\CMSIS_STM32F103ZET6\FWLIB\src\stm32f10x_dbgmcu.c 0x00000000   Number         0  stm32f10x_dbgmcu.o ABSOLUTE
    ..\CMSIS_STM32F103ZET6\FWLIB\src\stm32f10x_dma.c 0x00000000   Number         0  stm32f10x_dma.o ABSOLUTE
    ..\CMSIS_STM32F103ZET6\FWLIB\src\stm32f10x_exti.c 0x00000000   Number         0  stm32f10x_exti.o ABSOLUTE
    ..\CMSIS_STM32F103ZET6\FWLIB\src\stm32f10x_flash.c 0x00000000   Number         0  stm32f10x_flash.o ABSOLUTE
    ..\CMSIS_STM32F103ZET6\FWLIB\src\stm32f10x_fsmc.c 0x00000000   Number         0  stm32f10x_fsmc.o ABSOLUTE
    ..\CMSIS_STM32F103ZET6\FWLIB\src\stm32f10x_gpio.c 0x00000000   Number         0  stm32f10x_gpio.o ABSOLUTE
    ..\CMSIS_STM32F103ZET6\FWLIB\src\stm32f10x_i2c.c 0x00000000   Number         0  stm32f10x_i2c.o ABSOLUTE
    ..\CMSIS_STM32F103ZET6\FWLIB\src\stm32f10x_iwdg.c 0x00000000   Number         0  stm32f10x_iwdg.o ABSOLUTE
    ..\CMSIS_STM32F103ZET6\FWLIB\src\stm32f10x_pwr.c 0x00000000   Number         0  stm32f10x_pwr.o ABSOLUTE
    ..\CMSIS_STM32F103ZET6\FWLIB\src\stm32f10x_rcc.c 0x00000000   Number         0  stm32f10x_rcc.o ABSOLUTE
    ..\CMSIS_STM32F103ZET6\FWLIB\src\stm32f10x_rtc.c 0x00000000   Number         0  stm32f10x_rtc.o ABSOLUTE
    ..\CMSIS_STM32F103ZET6\FWLIB\src\stm32f10x_sdio.c 0x00000000   Number         0  stm32f10x_sdio.o ABSOLUTE
    ..\CMSIS_STM32F103ZET6\FWLIB\src\stm32f10x_spi.c 0x00000000   Number         0  stm32f10x_spi.o ABSOLUTE
    ..\CMSIS_STM32F103ZET6\FWLIB\src\stm32f10x_tim.c 0x00000000   Number         0  stm32f10x_tim.o ABSOLUTE
    ..\CMSIS_STM32F103ZET6\FWLIB\src\stm32f10x_usart.c 0x00000000   Number         0  stm32f10x_usart.o ABSOLUTE
    ..\CMSIS_STM32F103ZET6\FWLIB\src\stm32f10x_wwdg.c 0x00000000   Number         0  stm32f10x_wwdg.o ABSOLUTE
    ..\CMSIS_STM32F103ZET6\USER\stm32f10x_it.c 0x00000000   Number         0  stm32f10x_it.o ABSOLUTE
    ..\CMSIS_STM32F103ZET6\USER\system_stm32f10x.c 0x00000000   Number         0  system_stm32f10x.o ABSOLUTE
    ..\DEV\src\dev_beep.c                    0x00000000   Number         0  dev_beep.o ABSOLUTE
    ..\DEV\src\dev_led.c                     0x00000000   Number         0  dev_led.o ABSOLUTE
    ..\HAL\src\hal_adc.c                     0x00000000   Number         0  hal_adc.o ABSOLUTE
    ..\HAL\src\hal_uart.c                    0x00000000   Number         0  hal_uart.o ABSOLUTE
    ..\PUB\log.c                             0x00000000   Number         0  log.o ABSOLUTE
    ..\RTOS\port\MemMang\heap_4.c            0x00000000   Number         0  heap_4.o ABSOLUTE
    ..\RTOS\port\RVDS\ARM_CM3\port.c         0x00000000   Number         0  port.o ABSOLUTE
    ..\RTOS\src\croutine.c                   0x00000000   Number         0  croutine.o ABSOLUTE
    ..\RTOS\src\event_groups.c               0x00000000   Number         0  event_groups.o ABSOLUTE
    ..\RTOS\src\list.c                       0x00000000   Number         0  list.o ABSOLUTE
    ..\RTOS\src\queue.c                      0x00000000   Number         0  queue.o ABSOLUTE
    ..\RTOS\src\tasks.c                      0x00000000   Number         0  tasks.o ABSOLUTE
    ..\RTOS\src\timers.c                     0x00000000   Number         0  timers.o ABSOLUTE
    ..\SRC\main.c                            0x00000000   Number         0  main.o ABSOLUTE
    ..\SRC\system.c                          0x00000000   Number         0  system.o ABSOLUTE
    ..\\CMSIS_STM32F103ZET6\\CORE\\core_cm3.c 0x00000000   Number         0  core_cm3.o ABSOLUTE
    ..\\RTOS\\port\\RVDS\\ARM_CM3\\port.c    0x00000000   Number         0  port.o ABSOLUTE
    cdrcmple.s                               0x00000000   Number         0  cdrcmple.o ABSOLUTE
    dc.s                                     0x00000000   Number         0  dc.o ABSOLUTE
    handlers.s                               0x00000000   Number         0  handlers.o ABSOLUTE
    init.s                                   0x00000000   Number         0  init.o ABSOLUTE
    RESET                                    0x08000000   Section      304  startup_stm32f10x_hd.o(RESET)
    .ARM.Collect$$$$00000000                 0x08000130   Section        0  entry.o(.ARM.Collect$$$$00000000)
    .ARM.Collect$$$$00000001                 0x08000130   Section        4  entry2.o(.ARM.Collect$$$$00000001)
    .ARM.Collect$$$$00000004                 0x08000134   Section        4  entry5.o(.ARM.Collect$$$$00000004)
    .ARM.Collect$$$$00000008                 0x08000138   Section        0  entry7b.o(.ARM.Collect$$$$00000008)
    .ARM.Collect$$$$0000000A                 0x08000138   Section        0  entry8b.o(.ARM.Collect$$$$0000000A)
    .ARM.Collect$$$$0000000B                 0x08000138   Section        8  entry9a.o(.ARM.Collect$$$$0000000B)
    .ARM.Collect$$$$0000000D                 0x08000140   Section        0  entry10a.o(.ARM.Collect$$$$0000000D)
    .ARM.Collect$$$$0000000F                 0x08000140   Section        0  entry11a.o(.ARM.Collect$$$$0000000F)
    .ARM.Collect$$$$00002712                 0x08000140   Section        4  entry2.o(.ARM.Collect$$$$00002712)
    __lit__00000000                          0x08000140   Data           4  entry2.o(.ARM.Collect$$$$00002712)
    .emb_text                                0x08000144   Section      150  port.o(.emb_text)
    .text                                    0x080001dc   Section       36  startup_stm32f10x_hd.o(.text)
    .text                                    0x08000200   Section        0  memmovea.o(.text)
    .text                                    0x08000240   Section        0  uidiv.o(.text)
    .text                                    0x0800026c   Section       36  init.o(.text)
    i.AppTask                                0x08000290   Section        0  main.o(i.AppTask)
    AppTask                                  0x08000291   Thumb Code    40  main.o(i.AppTask)
    i.BusFault_Handler                       0x080002cc   Section        0  stm32f10x_it.o(i.BusFault_Handler)
    i.CpuInit                                0x080002d0   Section        0  system.o(i.CpuInit)
    i.DebugMon_Handler                       0x080002dc   Section        0  stm32f10x_it.o(i.DebugMon_Handler)
    i.GPIO_Init                              0x080002de   Section        0  stm32f10x_gpio.o(i.GPIO_Init)
    i.GPIO_ResetBits                         0x080003f4   Section        0  stm32f10x_gpio.o(i.GPIO_ResetBits)
    i.GPIO_SetBits                           0x080003f8   Section        0  stm32f10x_gpio.o(i.GPIO_SetBits)
    i.HardFault_Handler                      0x080003fc   Section        0  stm32f10x_it.o(i.HardFault_Handler)
    i.MemManage_Handler                      0x08000400   Section        0  stm32f10x_it.o(i.MemManage_Handler)
    i.NMI_Handler                            0x08000404   Section        0  stm32f10x_it.o(i.NMI_Handler)
    i.NVIC_Init                              0x08000408   Section        0  misc.o(i.NVIC_Init)
    i.NVIC_PriorityGroupConfig               0x08000478   Section        0  misc.o(i.NVIC_PriorityGroupConfig)
    i.RCC_APB1PeriphClockCmd                 0x0800048c   Section        0  stm32f10x_rcc.o(i.RCC_APB1PeriphClockCmd)
    i.RCC_APB2PeriphClockCmd                 0x080004ac   Section        0  stm32f10x_rcc.o(i.RCC_APB2PeriphClockCmd)
    i.RCC_GetClocksFreq                      0x080004cc   Section        0  stm32f10x_rcc.o(i.RCC_GetClocksFreq)
    i.SetSysClock                            0x080005a0   Section        0  system_stm32f10x.o(i.SetSysClock)
    SetSysClock                              0x080005a1   Thumb Code     8  system_stm32f10x.o(i.SetSysClock)
    i.SetSysClockTo72                        0x080005a8   Section        0  system_stm32f10x.o(i.SetSysClockTo72)
    SetSysClockTo72                          0x080005a9   Thumb Code   214  system_stm32f10x.o(i.SetSysClockTo72)
    i.SysInit                                0x08000688   Section        0  system.o(i.SysInit)
    i.SysTick_Handler                        0x080006a2   Section        0  stm32f10x_it.o(i.SysTick_Handler)
    i.SystemInit                             0x080006ac   Section        0  system_stm32f10x.o(i.SystemInit)
    i.USART1_IRQHandler                      0x0800070c   Section        0  hal_uart.o(i.USART1_IRQHandler)
    i.USART_ClearFlag                        0x08000734   Section        0  stm32f10x_usart.o(i.USART_ClearFlag)
    i.USART_Cmd                              0x08000746   Section        0  stm32f10x_usart.o(i.USART_Cmd)
    i.USART_GetFlagStatus                    0x0800075e   Section        0  stm32f10x_usart.o(i.USART_GetFlagStatus)
    i.USART_ITConfig                         0x08000778   Section        0  stm32f10x_usart.o(i.USART_ITConfig)
    i.USART_Init                             0x080007c4   Section        0  stm32f10x_usart.o(i.USART_Init)
    i.USART_ReceiveData                      0x0800089c   Section        0  stm32f10x_usart.o(i.USART_ReceiveData)
    i.UsageFault_Handler                     0x080008a6   Section        0  stm32f10x_it.o(i.UsageFault_Handler)
    i.__0printf$3                            0x080008ac   Section        0  printf3.o(i.__0printf$3)
    i.__scatterload_copy                     0x080008cc   Section       14  handlers.o(i.__scatterload_copy)
    i.__scatterload_null                     0x080008da   Section        2  handlers.o(i.__scatterload_null)
    i.__scatterload_zeroinit                 0x080008dc   Section       14  handlers.o(i.__scatterload_zeroinit)
    i._printf_core                           0x080008ec   Section        0  printf3.o(i._printf_core)
    _printf_core                             0x080008ed   Thumb Code   436  printf3.o(i._printf_core)
    i._uart1_init                            0x08000aa4   Section        0  hal_uart.o(i._uart1_init)
    _uart1_init                              0x08000aa5   Thumb Code   172  hal_uart.o(i._uart1_init)
    i._uart2_init                            0x08000b58   Section        0  hal_uart.o(i._uart2_init)
    _uart2_init                              0x08000b59   Thumb Code   170  hal_uart.o(i._uart2_init)
    i._uart3_init                            0x08000c0c   Section        0  hal_uart.o(i._uart3_init)
    _uart3_init                              0x08000c0d   Thumb Code   172  hal_uart.o(i._uart3_init)
    i._uart4_init                            0x08000cc0   Section        0  hal_uart.o(i._uart4_init)
    _uart4_init                              0x08000cc1   Thumb Code     2  hal_uart.o(i._uart4_init)
    i._uart5_init                            0x08000cc2   Section        0  hal_uart.o(i._uart5_init)
    _uart5_init                              0x08000cc3   Thumb Code     2  hal_uart.o(i._uart5_init)
    i.dev_beep_open                          0x08000cc4   Section        0  dev_beep.o(i.dev_beep_open)
    i.dev_led_off                            0x08000cfc   Section        0  dev_led.o(i.dev_led_off)
    i.dev_led_on                             0x08000d20   Section        0  dev_led.o(i.dev_led_on)
    i.dev_led_open                           0x08000d44   Section        0  dev_led.o(i.dev_led_open)
    i.fputc                                  0x08000d78   Section        0  log.o(i.fputc)
    i.hal_uart_init                          0x08000d94   Section        0  hal_uart.o(i.hal_uart_init)
    i.hal_uart_sendbyte                      0x08000e14   Section        0  hal_uart.o(i.hal_uart_sendbyte)
    i.main                                   0x08000e58   Section        0  main.o(i.main)
    i.prvAddCurrentTaskToDelayedList         0x08000e9c   Section        0  tasks.o(i.prvAddCurrentTaskToDelayedList)
    prvAddCurrentTaskToDelayedList           0x08000e9d   Thumb Code   124  tasks.o(i.prvAddCurrentTaskToDelayedList)
    i.prvAddNewTaskToReadyList               0x08000f34   Section        0  tasks.o(i.prvAddNewTaskToReadyList)
    prvAddNewTaskToReadyList                 0x08000f35   Thumb Code   150  tasks.o(i.prvAddNewTaskToReadyList)
    i.prvCheckForValidListAndQueue           0x08000fe8   Section        0  timers.o(i.prvCheckForValidListAndQueue)
    prvCheckForValidListAndQueue             0x08000fe9   Thumb Code    72  timers.o(i.prvCheckForValidListAndQueue)
    i.prvCheckTasksWaitingTermination        0x0800104c   Section        0  tasks.o(i.prvCheckTasksWaitingTermination)
    prvCheckTasksWaitingTermination          0x0800104d   Thumb Code    86  tasks.o(i.prvCheckTasksWaitingTermination)
    i.prvCopyDataFromQueue                   0x080010b0   Section        0  queue.o(i.prvCopyDataFromQueue)
    prvCopyDataFromQueue                     0x080010b1   Thumb Code    42  queue.o(i.prvCopyDataFromQueue)
    i.prvCopyDataToQueue                     0x080010da   Section        0  queue.o(i.prvCopyDataToQueue)
    prvCopyDataToQueue                       0x080010db   Thumb Code   124  queue.o(i.prvCopyDataToQueue)
    i.prvDeleteTCB                           0x08001156   Section        0  tasks.o(i.prvDeleteTCB)
    prvDeleteTCB                             0x08001157   Thumb Code    18  tasks.o(i.prvDeleteTCB)
    i.prvGetNextExpireTime                   0x08001168   Section        0  timers.o(i.prvGetNextExpireTime)
    prvGetNextExpireTime                     0x08001169   Thumb Code    36  timers.o(i.prvGetNextExpireTime)
    i.prvHeapInit                            0x08001190   Section        0  heap_4.o(i.prvHeapInit)
    prvHeapInit                              0x08001191   Thumb Code    98  heap_4.o(i.prvHeapInit)
    i.prvIdleTask                            0x0800120c   Section        0  tasks.o(i.prvIdleTask)
    prvIdleTask                              0x0800120d   Thumb Code    32  tasks.o(i.prvIdleTask)
    i.prvInitialiseNewQueue                  0x08001234   Section        0  queue.o(i.prvInitialiseNewQueue)
    prvInitialiseNewQueue                    0x08001235   Thumb Code    42  queue.o(i.prvInitialiseNewQueue)
    i.prvInitialiseNewTask                   0x08001260   Section        0  tasks.o(i.prvInitialiseNewTask)
    prvInitialiseNewTask                     0x08001261   Thumb Code   160  tasks.o(i.prvInitialiseNewTask)
    i.prvInitialiseTaskLists                 0x08001324   Section        0  tasks.o(i.prvInitialiseTaskLists)
    prvInitialiseTaskLists                   0x08001325   Thumb Code    70  tasks.o(i.prvInitialiseTaskLists)
    i.prvInsertBlockIntoFreeList             0x0800138c   Section        0  heap_4.o(i.prvInsertBlockIntoFreeList)
    prvInsertBlockIntoFreeList               0x0800138d   Thumb Code    96  heap_4.o(i.prvInsertBlockIntoFreeList)
    i.prvInsertTimerInActiveList             0x080013f4   Section        0  timers.o(i.prvInsertTimerInActiveList)
    prvInsertTimerInActiveList               0x080013f5   Thumb Code    80  timers.o(i.prvInsertTimerInActiveList)
    i.prvIsQueueEmpty                        0x0800144c   Section        0  queue.o(i.prvIsQueueEmpty)
    prvIsQueueEmpty                          0x0800144d   Thumb Code    26  queue.o(i.prvIsQueueEmpty)
    i.prvIsQueueFull                         0x08001466   Section        0  queue.o(i.prvIsQueueFull)
    prvIsQueueFull                           0x08001467   Thumb Code    30  queue.o(i.prvIsQueueFull)
    i.prvNotifyQueueSetContainer             0x08001484   Section        0  queue.o(i.prvNotifyQueueSetContainer)
    prvNotifyQueueSetContainer               0x08001485   Thumb Code   124  queue.o(i.prvNotifyQueueSetContainer)
    i.prvProcessExpiredTimer                 0x08001524   Section        0  timers.o(i.prvProcessExpiredTimer)
    prvProcessExpiredTimer                   0x08001525   Thumb Code    84  timers.o(i.prvProcessExpiredTimer)
    i.prvProcessReceivedCommands             0x080015a4   Section        0  timers.o(i.prvProcessReceivedCommands)
    prvProcessReceivedCommands               0x080015a5   Thumb Code   222  timers.o(i.prvProcessReceivedCommands)
    i.prvProcessTimerOrBlockTask             0x080016b0   Section        0  timers.o(i.prvProcessTimerOrBlockTask)
    prvProcessTimerOrBlockTask               0x080016b1   Thumb Code   102  timers.o(i.prvProcessTimerOrBlockTask)
    i.prvResetNextTaskUnblockTime            0x08001724   Section        0  tasks.o(i.prvResetNextTaskUnblockTime)
    prvResetNextTaskUnblockTime              0x08001725   Thumb Code    42  tasks.o(i.prvResetNextTaskUnblockTime)
    i.prvSampleTimeNow                       0x08001758   Section        0  timers.o(i.prvSampleTimeNow)
    prvSampleTimeNow                         0x08001759   Thumb Code    40  timers.o(i.prvSampleTimeNow)
    i.prvSwitchTimerLists                    0x08001784   Section        0  timers.o(i.prvSwitchTimerLists)
    prvSwitchTimerLists                      0x08001785   Thumb Code   140  timers.o(i.prvSwitchTimerLists)
    i.prvTaskExitError                       0x08001840   Section        0  port.o(i.prvTaskExitError)
    prvTaskExitError                         0x08001841   Thumb Code    48  port.o(i.prvTaskExitError)
    i.prvTimerTask                           0x080018a8   Section        0  timers.o(i.prvTimerTask)
    prvTimerTask                             0x080018a9   Thumb Code    26  timers.o(i.prvTimerTask)
    i.prvUnlockQueue                         0x080018c2   Section        0  queue.o(i.prvUnlockQueue)
    prvUnlockQueue                           0x080018c3   Thumb Code   146  queue.o(i.prvUnlockQueue)
    i.pvPortMalloc                           0x08001954   Section        0  heap_4.o(i.pvPortMalloc)
    i.pvTaskIncrementMutexHeldCount          0x08001aa0   Section        0  tasks.o(i.pvTaskIncrementMutexHeldCount)
    i.pxPortInitialiseStack                  0x08001ac0   Section        0  port.o(i.pxPortInitialiseStack)
    i.receive_char                           0x08001ae4   Section        0  hal_uart.o(i.receive_char)
    receive_char                             0x08001ae5   Thumb Code    62  hal_uart.o(i.receive_char)
    i.uxListRemove                           0x08001b30   Section        0  list.o(i.uxListRemove)
    i.vListInitialise                        0x08001b58   Section        0  list.o(i.vListInitialise)
    i.vListInitialiseItem                    0x08001b72   Section        0  list.o(i.vListInitialiseItem)
    i.vListInsert                            0x08001b78   Section        0  list.o(i.vListInsert)
    i.vListInsertEnd                         0x08001bac   Section        0  list.o(i.vListInsertEnd)
    i.vPortEnterCritical                     0x08001bc4   Section        0  port.o(i.vPortEnterCritical)
    i.vPortExitCritical                      0x08001c44   Section        0  port.o(i.vPortExitCritical)
    i.vPortFree                              0x08001cac   Section        0  heap_4.o(i.vPortFree)
    i.vPortSetupTimerInterrupt               0x08001d5c   Section        0  port.o(i.vPortSetupTimerInterrupt)
    i.vPortValidateInterruptPriority         0x08001d7c   Section        0  port.o(i.vPortValidateInterruptPriority)
    i.vQueueAddToRegistry                    0x08001e14   Section        0  queue.o(i.vQueueAddToRegistry)
    i.vQueueWaitForMessageRestricted         0x08001e40   Section        0  queue.o(i.vQueueWaitForMessageRestricted)
    i.vTaskDelay                             0x08001e8c   Section        0  tasks.o(i.vTaskDelay)
    i.vTaskMissedYield                       0x08001f00   Section        0  tasks.o(i.vTaskMissedYield)
    i.vTaskPlaceOnEventList                  0x08001f0c   Section        0  tasks.o(i.vTaskPlaceOnEventList)
    i.vTaskPlaceOnEventListRestricted        0x08001f60   Section        0  tasks.o(i.vTaskPlaceOnEventListRestricted)
    i.vTaskPriorityInherit                   0x08001fbc   Section        0  tasks.o(i.vTaskPriorityInherit)
    i.vTaskSetTimeOutState                   0x0800206c   Section        0  tasks.o(i.vTaskSetTimeOutState)
    i.vTaskStartScheduler                    0x080020b8   Section        0  tasks.o(i.vTaskStartScheduler)
    i.vTaskSuspendAll                        0x08002164   Section        0  tasks.o(i.vTaskSuspendAll)
    i.vTaskSwitchContext                     0x08002174   Section        0  tasks.o(i.vTaskSwitchContext)
    i.xPortStartScheduler                    0x0800221c   Section        0  port.o(i.xPortStartScheduler)
    i.xPortSysTickHandler                    0x080022bc   Section        0  port.o(i.xPortSysTickHandler)
    i.xQueueGenericCreate                    0x080022f0   Section        0  queue.o(i.xQueueGenericCreate)
    i.xQueueGenericReceive                   0x08002364   Section        0  queue.o(i.xQueueGenericReceive)
    i.xQueueGenericReset                     0x0800252c   Section        0  queue.o(i.xQueueGenericReset)
    i.xQueueGenericSend                      0x080025dc   Section        0  queue.o(i.xQueueGenericSend)
    i.xQueueGenericSendFromISR               0x080027a0   Section        0  queue.o(i.xQueueGenericSendFromISR)
    i.xTaskCheckForTimeOut                   0x080028b0   Section        0  tasks.o(i.xTaskCheckForTimeOut)
    i.xTaskCreate                            0x08002950   Section        0  tasks.o(i.xTaskCreate)
    i.xTaskGetSchedulerState                 0x080029b0   Section        0  tasks.o(i.xTaskGetSchedulerState)
    i.xTaskGetTickCount                      0x080029d0   Section        0  tasks.o(i.xTaskGetTickCount)
    i.xTaskIncrementTick                     0x080029dc   Section        0  tasks.o(i.xTaskIncrementTick)
    i.xTaskPriorityDisinherit                0x08002b3c   Section        0  tasks.o(i.xTaskPriorityDisinherit)
    i.xTaskRemoveFromEventList               0x08002c14   Section        0  tasks.o(i.xTaskRemoveFromEventList)
    i.xTaskResumeAll                         0x08002cc8   Section        0  tasks.o(i.xTaskResumeAll)
    i.xTimerCreateTimerTask                  0x08002de8   Section        0  timers.o(i.xTimerCreateTimerTask)
    i.xTimerGenericCommand                   0x08002e5c   Section        0  timers.o(i.xTimerGenericCommand)
    .data                                    0x20000000   Section       20  stm32f10x_rcc.o(.data)
    APBAHBPrescTable                         0x20000000   Data          16  stm32f10x_rcc.o(.data)
    ADCPrescTable                            0x20000010   Data           4  stm32f10x_rcc.o(.data)
    .data                                    0x20000014   Section       20  system_stm32f10x.o(.data)
    .data                                    0x20000028   Section        4  dev_led.o(.data)
    g_dev_led_active                         0x20000028   Data           4  dev_led.o(.data)
    .data                                    0x2000002c   Section        4  dev_beep.o(.data)
    g_dev_beep_active                        0x2000002c   Data           4  dev_beep.o(.data)
    .data                                    0x20000030   Section       28  hal_uart.o(.data)
    s_write                                  0x20000030   Data           4  hal_uart.o(.data)
    s_read                                   0x20000034   Data           4  hal_uart.o(.data)
    uarts                                    0x20000038   Data          20  hal_uart.o(.data)
    .data                                    0x2000004c   Section        4  log.o(.data)
    .data                                    0x20000050   Section       60  tasks.o(.data)
    pxDelayedTaskList                        0x20000054   Data           4  tasks.o(.data)
    pxOverflowDelayedTaskList                0x20000058   Data           4  tasks.o(.data)
    uxDeletedTasksWaitingCleanUp             0x2000005c   Data           4  tasks.o(.data)
    uxCurrentNumberOfTasks                   0x20000060   Data           4  tasks.o(.data)
    xTickCount                               0x20000064   Data           4  tasks.o(.data)
    uxTopReadyPriority                       0x20000068   Data           4  tasks.o(.data)
    xSchedulerRunning                        0x2000006c   Data           4  tasks.o(.data)
    uxPendedTicks                            0x20000070   Data           4  tasks.o(.data)
    xYieldPending                            0x20000074   Data           4  tasks.o(.data)
    xNumOfOverflows                          0x20000078   Data           4  tasks.o(.data)
    uxTaskNumber                             0x2000007c   Data           4  tasks.o(.data)
    xNextTaskUnblockTime                     0x20000080   Data           4  tasks.o(.data)
    xIdleTaskHandle                          0x20000084   Data           4  tasks.o(.data)
    uxSchedulerSuspended                     0x20000088   Data           4  tasks.o(.data)
    .data                                    0x2000008c   Section       20  timers.o(.data)
    pxCurrentTimerList                       0x2000008c   Data           4  timers.o(.data)
    pxOverflowTimerList                      0x20000090   Data           4  timers.o(.data)
    xTimerQueue                              0x20000094   Data           4  timers.o(.data)
    xTimerTaskHandle                         0x20000098   Data           4  timers.o(.data)
    xLastTime                                0x2000009c   Data           4  timers.o(.data)
    .data                                    0x200000a0   Section       24  heap_4.o(.data)
    xStart                                   0x200000a0   Data           8  heap_4.o(.data)
    pxEnd                                    0x200000a8   Data           4  heap_4.o(.data)
    xFreeBytesRemaining                      0x200000ac   Data           4  heap_4.o(.data)
    xMinimumEverFreeBytesRemaining           0x200000b0   Data           4  heap_4.o(.data)
    xBlockAllocatedBit                       0x200000b4   Data           4  heap_4.o(.data)
    .data                                    0x200000b8   Section       12  port.o(.data)
    uxCriticalNesting                        0x200000b8   Data           4  port.o(.data)
    ucMaxSysCallPriority                     0x200000bc   Data           1  port.o(.data)
    ulMaxPRIGROUPValue                       0x200000c0   Data           4  port.o(.data)
    .data                                    0x200000c4   Section        4  main.o(.data)
    AppTask_Handle                           0x200000c4   Data           4  main.o(.data)
    .bss                                     0x200000c8   Section     1064  hal_uart.o(.bss)
    s_uart1buf                               0x200000c8   Data        1024  hal_uart.o(.bss)
    g_hal_uart_active                        0x200004c8   Data          20  hal_uart.o(.bss)
    g_hal_uart_baud                          0x200004dc   Data          20  hal_uart.o(.bss)
    .bss                                     0x200004f0   Section      200  queue.o(.bss)
    .bss                                     0x200005b8   Section      740  tasks.o(.bss)
    pxReadyTasksLists                        0x200005b8   Data         640  tasks.o(.bss)
    xDelayedTaskList1                        0x20000838   Data          20  tasks.o(.bss)
    xDelayedTaskList2                        0x2000084c   Data          20  tasks.o(.bss)
    xPendingReadyList                        0x20000860   Data          20  tasks.o(.bss)
    xTasksWaitingTermination                 0x20000874   Data          20  tasks.o(.bss)
    xSuspendedTaskList                       0x20000888   Data          20  tasks.o(.bss)
    .bss                                     0x2000089c   Section       40  timers.o(.bss)
    xActiveTimerList1                        0x2000089c   Data          20  timers.o(.bss)
    xActiveTimerList2                        0x200008b0   Data          20  timers.o(.bss)
    .bss                                     0x200008c4   Section    36864  heap_4.o(.bss)
    ucHeap                                   0x200008c4   Data       36864  heap_4.o(.bss)
    STACK                                    0x200098c8   Section     1024  startup_stm32f10x_hd.o(STACK)

    Global Symbols

    Symbol Name                              Value     Ov Type        Size  Object(Section)

    BuildAttributes$$THM_ISAv4$P$D$K$B$S$PE$A:L22UL41UL21$X:L11$S22US41US21$IEEE1$IW$USESV6$~STKCKD$USESV7$~SHL$OSPACE$ROPI$EBA8$MICROLIB$REQ8$PRES8$EABIv2 0x00000000   Number         0  anon$$obj.o ABSOLUTE
    __ARM_use_no_argv                        0x00000000   Number         0  main.o ABSOLUTE
    __use_no_errno                           0x00000000   Number         0  useno.o ABSOLUTE
    __use_no_exception_handling              0x00000000   Number         0  useno.o ABSOLUTE
    __use_no_fp                              0x00000000   Number         0  useno.o ABSOLUTE
    __use_no_heap                            0x00000000   Number         0  useno.o ABSOLUTE
    __use_no_heap_region                     0x00000000   Number         0  useno.o ABSOLUTE
    __use_no_semihosting                     0x00000000   Number         0  useno.o ABSOLUTE
    __use_no_semihosting_swi                 0x00000000   Number         0  useno.o ABSOLUTE
    __use_no_signal_handling                 0x00000000   Number         0  useno.o ABSOLUTE
    _printf_a                                0x00000000   Number         0  stubs.o ABSOLUTE
    _printf_c                                0x00000000   Number         0  stubs.o ABSOLUTE
    _printf_charcount                        0x00000000   Number         0  stubs.o ABSOLUTE
    _printf_d                                0x00000000   Number         0  stubs.o ABSOLUTE
    _printf_e                                0x00000000   Number         0  stubs.o ABSOLUTE
    _printf_f                                0x00000000   Number         0  stubs.o ABSOLUTE
    _printf_flags                            0x00000000   Number         0  stubs.o ABSOLUTE
    _printf_fp_dec                           0x00000000   Number         0  stubs.o ABSOLUTE
    _printf_fp_hex                           0x00000000   Number         0  stubs.o ABSOLUTE
    _printf_g                                0x00000000   Number         0  stubs.o ABSOLUTE
    _printf_i                                0x00000000   Number         0  stubs.o ABSOLUTE
    _printf_int_dec                          0x00000000   Number         0  stubs.o ABSOLUTE
    _printf_l                                0x00000000   Number         0  stubs.o ABSOLUTE
    _printf_lc                               0x00000000   Number         0  stubs.o ABSOLUTE
    _printf_ll                               0x00000000   Number         0  stubs.o ABSOLUTE
    _printf_lld                              0x00000000   Number         0  stubs.o ABSOLUTE
    _printf_lli                              0x00000000   Number         0  stubs.o ABSOLUTE
    _printf_llo                              0x00000000   Number         0  stubs.o ABSOLUTE
    _printf_llu                              0x00000000   Number         0  stubs.o ABSOLUTE
    _printf_llx                              0x00000000   Number         0  stubs.o ABSOLUTE
    _printf_longlong_dec                     0x00000000   Number         0  stubs.o ABSOLUTE
    _printf_longlong_hex                     0x00000000   Number         0  stubs.o ABSOLUTE
    _printf_longlong_oct                     0x00000000   Number         0  stubs.o ABSOLUTE
    _printf_ls                               0x00000000   Number         0  stubs.o ABSOLUTE
    _printf_mbtowc                           0x00000000   Number         0  stubs.o ABSOLUTE
    _printf_n                                0x00000000   Number         0  stubs.o ABSOLUTE
    _printf_o                                0x00000000   Number         0  stubs.o ABSOLUTE
    _printf_p                                0x00000000   Number         0  stubs.o ABSOLUTE
    _printf_percent                          0x00000000   Number         0  stubs.o ABSOLUTE
    _printf_pre_padding                      0x00000000   Number         0  stubs.o ABSOLUTE
    _printf_return_value                     0x00000000   Number         0  stubs.o ABSOLUTE
    _printf_s                                0x00000000   Number         0  stubs.o ABSOLUTE
    _printf_sizespec                         0x00000000   Number         0  stubs.o ABSOLUTE
    _printf_str                              0x00000000   Number         0  stubs.o ABSOLUTE
    _printf_truncate_signed                  0x00000000   Number         0  stubs.o ABSOLUTE
    _printf_truncate_unsigned                0x00000000   Number         0  stubs.o ABSOLUTE
    _printf_u                                0x00000000   Number         0  stubs.o ABSOLUTE
    _printf_wc                               0x00000000   Number         0  stubs.o ABSOLUTE
    _printf_wctomb                           0x00000000   Number         0  stubs.o ABSOLUTE
    _printf_widthprec                        0x00000000   Number         0  stubs.o ABSOLUTE
    _printf_x                                0x00000000   Number         0  stubs.o ABSOLUTE
    __cpp_initialize__aeabi_                  - Undefined Weak Reference
    __cxa_finalize                            - Undefined Weak Reference
    __decompress                              - Undefined Weak Reference
    _clock_init                               - Undefined Weak Reference
    _microlib_exit                            - Undefined Weak Reference
    __Vectors_Size                           0x00000130   Number         0  startup_stm32f10x_hd.o ABSOLUTE
    __Vectors                                0x08000000   Data           4  startup_stm32f10x_hd.o(RESET)
    __Vectors_End                            0x08000130   Data           0  startup_stm32f10x_hd.o(RESET)
    __main                                   0x08000131   Thumb Code     0  entry.o(.ARM.Collect$$$$00000000)
    _main_stk                                0x08000131   Thumb Code     0  entry2.o(.ARM.Collect$$$$00000001)
    _main_scatterload                        0x08000135   Thumb Code     0  entry5.o(.ARM.Collect$$$$00000004)
    __main_after_scatterload                 0x08000139   Thumb Code     0  entry5.o(.ARM.Collect$$$$00000004)
    _main_clock                              0x08000139   Thumb Code     0  entry7b.o(.ARM.Collect$$$$00000008)
    _main_cpp_init                           0x08000139   Thumb Code     0  entry8b.o(.ARM.Collect$$$$0000000A)
    _main_init                               0x08000139   Thumb Code     0  entry9a.o(.ARM.Collect$$$$0000000B)
    __rt_final_cpp                           0x08000141   Thumb Code     0  entry10a.o(.ARM.Collect$$$$0000000D)
    __rt_final_exit                          0x08000141   Thumb Code     0  entry11a.o(.ARM.Collect$$$$0000000F)
    SVC_Handler                              0x08000145   Thumb Code    32  port.o(.emb_text)
    __asm___6_port_c_39a90d8d__prvStartFirstTask 0x08000169   Thumb Code    28  port.o(.emb_text)
    PendSV_Handler                           0x08000189   Thumb Code    72  port.o(.emb_text)
    vPortGetIPSR                             0x080001d5   Thumb Code     6  port.o(.emb_text)
    Reset_Handler                            0x080001dd   Thumb Code     8  startup_stm32f10x_hd.o(.text)
    ADC1_2_IRQHandler                        0x080001f7   Thumb Code     0  startup_stm32f10x_hd.o(.text)
    ADC3_IRQHandler                          0x080001f7   Thumb Code     0  startup_stm32f10x_hd.o(.text)
    CAN1_RX1_IRQHandler                      0x080001f7   Thumb Code     0  startup_stm32f10x_hd.o(.text)
    CAN1_SCE_IRQHandler                      0x080001f7   Thumb Code     0  startup_stm32f10x_hd.o(.text)
    DMA1_Channel1_IRQHandler                 0x080001f7   Thumb Code     0  startup_stm32f10x_hd.o(.text)
    DMA1_Channel2_IRQHandler                 0x080001f7   Thumb Code     0  startup_stm32f10x_hd.o(.text)
    DMA1_Channel3_IRQHandler                 0x080001f7   Thumb Code     0  startup_stm32f10x_hd.o(.text)
    DMA1_Channel4_IRQHandler                 0x080001f7   Thumb Code     0  startup_stm32f10x_hd.o(.text)
    DMA1_Channel5_IRQHandler                 0x080001f7   Thumb Code     0  startup_stm32f10x_hd.o(.text)
    DMA1_Channel6_IRQHandler                 0x080001f7   Thumb Code     0  startup_stm32f10x_hd.o(.text)
    DMA1_Channel7_IRQHandler                 0x080001f7   Thumb Code     0  startup_stm32f10x_hd.o(.text)
    DMA2_Channel1_IRQHandler                 0x080001f7   Thumb Code     0  startup_stm32f10x_hd.o(.text)
    DMA2_Channel2_IRQHandler                 0x080001f7   Thumb Code     0  startup_stm32f10x_hd.o(.text)
    DMA2_Channel3_IRQHandler                 0x080001f7   Thumb Code     0  startup_stm32f10x_hd.o(.text)
    DMA2_Channel4_5_IRQHandler               0x080001f7   Thumb Code     0  startup_stm32f10x_hd.o(.text)
    EXTI0_IRQHandler                         0x080001f7   Thumb Code     0  startup_stm32f10x_hd.o(.text)
    EXTI15_10_IRQHandler                     0x080001f7   Thumb Code     0  startup_stm32f10x_hd.o(.text)
    EXTI1_IRQHandler                         0x080001f7   Thumb Code     0  startup_stm32f10x_hd.o(.text)
    EXTI2_IRQHandler                         0x080001f7   Thumb Code     0  startup_stm32f10x_hd.o(.text)
    EXTI3_IRQHandler                         0x080001f7   Thumb Code     0  startup_stm32f10x_hd.o(.text)
    EXTI4_IRQHandler                         0x080001f7   Thumb Code     0  startup_stm32f10x_hd.o(.text)
    EXTI9_5_IRQHandler                       0x080001f7   Thumb Code     0  startup_stm32f10x_hd.o(.text)
    FLASH_IRQHandler                         0x080001f7   Thumb Code     0  startup_stm32f10x_hd.o(.text)
    FSMC_IRQHandler                          0x080001f7   Thumb Code     0  startup_stm32f10x_hd.o(.text)
    I2C1_ER_IRQHandler                       0x080001f7   Thumb Code     0  startup_stm32f10x_hd.o(.text)
    I2C1_EV_IRQHandler                       0x080001f7   Thumb Code     0  startup_stm32f10x_hd.o(.text)
    I2C2_ER_IRQHandler                       0x080001f7   Thumb Code     0  startup_stm32f10x_hd.o(.text)
    I2C2_EV_IRQHandler                       0x080001f7   Thumb Code     0  startup_stm32f10x_hd.o(.text)
    PVD_IRQHandler                           0x080001f7   Thumb Code     0  startup_stm32f10x_hd.o(.text)
    RCC_IRQHandler                           0x080001f7   Thumb Code     0  startup_stm32f10x_hd.o(.text)
    RTCAlarm_IRQHandler                      0x080001f7   Thumb Code     0  startup_stm32f10x_hd.o(.text)
    RTC_IRQHandler                           0x080001f7   Thumb Code     0  startup_stm32f10x_hd.o(.text)
    SDIO_IRQHandler                          0x080001f7   Thumb Code     0  startup_stm32f10x_hd.o(.text)
    SPI1_IRQHandler                          0x080001f7   Thumb Code     0  startup_stm32f10x_hd.o(.text)
    SPI2_IRQHandler                          0x080001f7   Thumb Code     0  startup_stm32f10x_hd.o(.text)
    SPI3_IRQHandler                          0x080001f7   Thumb Code     0  startup_stm32f10x_hd.o(.text)
    TAMPER_IRQHandler                        0x080001f7   Thumb Code     0  startup_stm32f10x_hd.o(.text)
    TIM1_BRK_IRQHandler                      0x080001f7   Thumb Code     0  startup_stm32f10x_hd.o(.text)
    TIM1_CC_IRQHandler                       0x080001f7   Thumb Code     0  startup_stm32f10x_hd.o(.text)
    TIM1_TRG_COM_IRQHandler                  0x080001f7   Thumb Code     0  startup_stm32f10x_hd.o(.text)
    TIM1_UP_IRQHandler                       0x080001f7   Thumb Code     0  startup_stm32f10x_hd.o(.text)
    TIM2_IRQHandler                          0x080001f7   Thumb Code     0  startup_stm32f10x_hd.o(.text)
    TIM3_IRQHandler                          0x080001f7   Thumb Code     0  startup_stm32f10x_hd.o(.text)
    TIM4_IRQHandler                          0x080001f7   Thumb Code     0  startup_stm32f10x_hd.o(.text)
    TIM5_IRQHandler                          0x080001f7   Thumb Code     0  startup_stm32f10x_hd.o(.text)
    TIM6_IRQHandler                          0x080001f7   Thumb Code     0  startup_stm32f10x_hd.o(.text)
    TIM7_IRQHandler                          0x080001f7   Thumb Code     0  startup_stm32f10x_hd.o(.text)
    TIM8_BRK_IRQHandler                      0x080001f7   Thumb Code     0  startup_stm32f10x_hd.o(.text)
    TIM8_CC_IRQHandler                       0x080001f7   Thumb Code     0  startup_stm32f10x_hd.o(.text)
    TIM8_TRG_COM_IRQHandler                  0x080001f7   Thumb Code     0  startup_stm32f10x_hd.o(.text)
    TIM8_UP_IRQHandler                       0x080001f7   Thumb Code     0  startup_stm32f10x_hd.o(.text)
    UART4_IRQHandler                         0x080001f7   Thumb Code     0  startup_stm32f10x_hd.o(.text)
    UART5_IRQHandler                         0x080001f7   Thumb Code     0  startup_stm32f10x_hd.o(.text)
    USART2_IRQHandler                        0x080001f7   Thumb Code     0  startup_stm32f10x_hd.o(.text)
    USART3_IRQHandler                        0x080001f7   Thumb Code     0  startup_stm32f10x_hd.o(.text)
    USBWakeUp_IRQHandler                     0x080001f7   Thumb Code     0  startup_stm32f10x_hd.o(.text)
    USB_HP_CAN1_TX_IRQHandler                0x080001f7   Thumb Code     0  startup_stm32f10x_hd.o(.text)
    USB_LP_CAN1_RX0_IRQHandler               0x080001f7   Thumb Code     0  startup_stm32f10x_hd.o(.text)
    WWDG_IRQHandler                          0x080001f7   Thumb Code     0  startup_stm32f10x_hd.o(.text)
    ___aeabi_memcpy4$move                    0x08000201   Thumb Code     0  memmovea.o(.text)
    ___aeabi_memcpy8$move                    0x08000201   Thumb Code     0  memmovea.o(.text)
    __aeabi_memcpy                           0x08000201   Thumb Code    64  memmovea.o(.text)
    __aeabi_memmove                          0x08000201   Thumb Code     0  memmovea.o(.text)
    __aeabi_memmove4                         0x08000201   Thumb Code     0  memmovea.o(.text)
    __aeabi_memmove8                         0x08000201   Thumb Code     0  memmovea.o(.text)
    __aeabi_uidiv                            0x08000241   Thumb Code     0  uidiv.o(.text)
    __aeabi_uidivmod                         0x08000241   Thumb Code    44  uidiv.o(.text)
    __scatterload                            0x0800026d   Thumb Code    28  init.o(.text)
    __scatterload_rt2                        0x0800026d   Thumb Code     0  init.o(.text)
    BusFault_Handler                         0x080002cd   Thumb Code     4  stm32f10x_it.o(i.BusFault_Handler)
    CpuInit                                  0x080002d1   Thumb Code    12  system.o(i.CpuInit)
    DebugMon_Handler                         0x080002dd   Thumb Code     2  stm32f10x_it.o(i.DebugMon_Handler)
    GPIO_Init                                0x080002df   Thumb Code   278  stm32f10x_gpio.o(i.GPIO_Init)
    GPIO_ResetBits                           0x080003f5   Thumb Code     4  stm32f10x_gpio.o(i.GPIO_ResetBits)
    GPIO_SetBits                             0x080003f9   Thumb Code     4  stm32f10x_gpio.o(i.GPIO_SetBits)
    HardFault_Handler                        0x080003fd   Thumb Code     4  stm32f10x_it.o(i.HardFault_Handler)
    MemManage_Handler                        0x08000401   Thumb Code     4  stm32f10x_it.o(i.MemManage_Handler)
    NMI_Handler                              0x08000405   Thumb Code     2  stm32f10x_it.o(i.NMI_Handler)
    NVIC_Init                                0x08000409   Thumb Code   100  misc.o(i.NVIC_Init)
    NVIC_PriorityGroupConfig                 0x08000479   Thumb Code    10  misc.o(i.NVIC_PriorityGroupConfig)
    RCC_APB1PeriphClockCmd                   0x0800048d   Thumb Code    26  stm32f10x_rcc.o(i.RCC_APB1PeriphClockCmd)
    RCC_APB2PeriphClockCmd                   0x080004ad   Thumb Code    26  stm32f10x_rcc.o(i.RCC_APB2PeriphClockCmd)
    RCC_GetClocksFreq                        0x080004cd   Thumb Code   192  stm32f10x_rcc.o(i.RCC_GetClocksFreq)
    SysInit                                  0x08000689   Thumb Code    26  system.o(i.SysInit)
    SysTick_Handler                          0x080006a3   Thumb Code     8  stm32f10x_it.o(i.SysTick_Handler)
    SystemInit                               0x080006ad   Thumb Code    78  system_stm32f10x.o(i.SystemInit)
    USART1_IRQHandler                        0x0800070d   Thumb Code    34  hal_uart.o(i.USART1_IRQHandler)
    USART_ClearFlag                          0x08000735   Thumb Code    18  stm32f10x_usart.o(i.USART_ClearFlag)
    USART_Cmd                                0x08000747   Thumb Code    24  stm32f10x_usart.o(i.USART_Cmd)
    USART_GetFlagStatus                      0x0800075f   Thumb Code    26  stm32f10x_usart.o(i.USART_GetFlagStatus)
    USART_ITConfig                           0x08000779   Thumb Code    74  stm32f10x_usart.o(i.USART_ITConfig)
    USART_Init                               0x080007c5   Thumb Code   210  stm32f10x_usart.o(i.USART_Init)
    USART_ReceiveData                        0x0800089d   Thumb Code    10  stm32f10x_usart.o(i.USART_ReceiveData)
    UsageFault_Handler                       0x080008a7   Thumb Code     4  stm32f10x_it.o(i.UsageFault_Handler)
    __0printf$3                              0x080008ad   Thumb Code    22  printf3.o(i.__0printf$3)
    __1printf$3                              0x080008ad   Thumb Code     0  printf3.o(i.__0printf$3)
    __2printf                                0x080008ad   Thumb Code     0  printf3.o(i.__0printf$3)
    __scatterload_copy                       0x080008cd   Thumb Code    14  handlers.o(i.__scatterload_copy)
    __scatterload_null                       0x080008db   Thumb Code     2  handlers.o(i.__scatterload_null)
    __scatterload_zeroinit                   0x080008dd   Thumb Code    14  handlers.o(i.__scatterload_zeroinit)
    dev_beep_open                            0x08000cc5   Thumb Code    46  dev_beep.o(i.dev_beep_open)
    dev_led_off                              0x08000cfd   Thumb Code    26  dev_led.o(i.dev_led_off)
    dev_led_on                               0x08000d21   Thumb Code    26  dev_led.o(i.dev_led_on)
    dev_led_open                             0x08000d45   Thumb Code    44  dev_led.o(i.dev_led_open)
    fputc                                    0x08000d79   Thumb Code    28  log.o(i.fputc)
    hal_uart_init                            0x08000d95   Thumb Code   118  hal_uart.o(i.hal_uart_init)
    hal_uart_sendbyte                        0x08000e15   Thumb Code    60  hal_uart.o(i.hal_uart_sendbyte)
    main                                     0x08000e59   Thumb Code    50  main.o(i.main)
    pvPortMalloc                             0x08001955   Thumb Code   262  heap_4.o(i.pvPortMalloc)
    pvTaskIncrementMutexHeldCount            0x08001aa1   Thumb Code    26  tasks.o(i.pvTaskIncrementMutexHeldCount)
    pxPortInitialiseStack                    0x08001ac1   Thumb Code    30  port.o(i.pxPortInitialiseStack)
    uxListRemove                             0x08001b31   Thumb Code    40  list.o(i.uxListRemove)
    vListInitialise                          0x08001b59   Thumb Code    26  list.o(i.vListInitialise)
    vListInitialiseItem                      0x08001b73   Thumb Code     6  list.o(i.vListInitialiseItem)
    vListInsert                              0x08001b79   Thumb Code    52  list.o(i.vListInsert)
    vListInsertEnd                           0x08001bad   Thumb Code    24  list.o(i.vListInsertEnd)
    vPortEnterCritical                       0x08001bc5   Thumb Code    68  port.o(i.vPortEnterCritical)
    vPortExitCritical                        0x08001c45   Thumb Code    48  port.o(i.vPortExitCritical)
    vPortFree                                0x08001cad   Thumb Code   120  heap_4.o(i.vPortFree)
    vPortSetupTimerInterrupt                 0x08001d5d   Thumb Code    26  port.o(i.vPortSetupTimerInterrupt)
    vPortValidateInterruptPriority           0x08001d7d   Thumb Code    86  port.o(i.vPortValidateInterruptPriority)
    vQueueAddToRegistry                      0x08001e15   Thumb Code    38  queue.o(i.vQueueAddToRegistry)
    vQueueWaitForMessageRestricted           0x08001e41   Thumb Code    74  queue.o(i.vQueueWaitForMessageRestricted)
    vTaskDelay                               0x08001e8d   Thumb Code    72  tasks.o(i.vTaskDelay)
    vTaskMissedYield                         0x08001f01   Thumb Code     8  tasks.o(i.vTaskMissedYield)
    vTaskPlaceOnEventList                    0x08001f0d   Thumb Code    42  tasks.o(i.vTaskPlaceOnEventList)
    vTaskPlaceOnEventListRestricted          0x08001f61   Thumb Code    50  tasks.o(i.vTaskPlaceOnEventListRestricted)
    vTaskPriorityInherit                     0x08001fbd   Thumb Code   164  tasks.o(i.vTaskPriorityInherit)
    vTaskSetTimeOutState                     0x0800206d   Thumb Code    32  tasks.o(i.vTaskSetTimeOutState)
    vTaskStartScheduler                      0x080020b9   Thumb Code   108  tasks.o(i.vTaskStartScheduler)
    vTaskSuspendAll                          0x08002165   Thumb Code    12  tasks.o(i.vTaskSuspendAll)
    vTaskSwitchContext                       0x08002175   Thumb Code   110  tasks.o(i.vTaskSwitchContext)
    xPortStartScheduler                      0x0800221d   Thumb Code   140  port.o(i.xPortStartScheduler)
    xPortSysTickHandler                      0x080022bd   Thumb Code    46  port.o(i.xPortSysTickHandler)
    xQueueGenericCreate                      0x080022f1   Thumb Code    78  queue.o(i.xQueueGenericCreate)
    xQueueGenericReceive                     0x08002365   Thumb Code   416  queue.o(i.xQueueGenericReceive)
    xQueueGenericReset                       0x0800252d   Thumb Code   136  queue.o(i.xQueueGenericReset)
    xQueueGenericSend                        0x080025dd   Thumb Code   412  queue.o(i.xQueueGenericSend)
    xQueueGenericSendFromISR                 0x080027a1   Thumb Code   234  queue.o(i.xQueueGenericSendFromISR)
    xTaskCheckForTimeOut                     0x080028b1   Thumb Code   116  tasks.o(i.xTaskCheckForTimeOut)
    xTaskCreate                              0x08002951   Thumb Code    96  tasks.o(i.xTaskCreate)
    xTaskGetSchedulerState                   0x080029b1   Thumb Code    24  tasks.o(i.xTaskGetSchedulerState)
    xTaskGetTickCount                        0x080029d1   Thumb Code     6  tasks.o(i.xTaskGetTickCount)
    xTaskIncrementTick                       0x080029dd   Thumb Code   272  tasks.o(i.xTaskIncrementTick)
    xTaskPriorityDisinherit                  0x08002b3d   Thumb Code   168  tasks.o(i.xTaskPriorityDisinherit)
    xTaskRemoveFromEventList                 0x08002c15   Thumb Code   118  tasks.o(i.xTaskRemoveFromEventList)
    xTaskResumeAll                           0x08002cc9   Thumb Code   214  tasks.o(i.xTaskResumeAll)
    xTimerCreateTimerTask                    0x08002de9   Thumb Code    54  timers.o(i.xTimerCreateTimerTask)
    xTimerGenericCommand                     0x08002e5d   Thumb Code   116  timers.o(i.xTimerGenericCommand)
    Region$$Table$$Base                      0x08002efc   Number         0  anon$$obj.o(Region$$Table)
    Region$$Table$$Limit                     0x08002f1c   Number         0  anon$$obj.o(Region$$Table)
    SystemCoreClock                          0x20000014   Data           4  system_stm32f10x.o(.data)
    AHBPrescTable                            0x20000018   Data          16  system_stm32f10x.o(.data)
    __stdout                                 0x2000004c   Data           4  log.o(.data)
    pxCurrentTCB                             0x20000050   Data           4  tasks.o(.data)
    xQueueRegistry                           0x200004f0   Data         200  queue.o(.bss)
    __initial_sp                             0x20009cc8   Data           0  startup_stm32f10x_hd.o(STACK)



==============================================================================

Memory Map of the image

  Image Entry point : 0x08000131

  Load Region LR_IROM1 (Base: 0x08000000, Size: 0x00002fe4, Max: 0x00080000, ABSOLUTE)

    Execution Region ER_IROM1 (Exec base: 0x08000000, Load base: 0x08000000, Size: 0x00002f1c, Max: 0x00080000, ABSOLUTE)

    Exec Addr    Load Addr    Size         Type   Attr      Idx    E Section Name        Object

    0x08000000   0x08000000   0x00000130   Data   RO           19    RESET               startup_stm32f10x_hd.o
    0x08000130   0x08000130   0x00000000   Code   RO         4377  * .ARM.Collect$$$$00000000  mc_w.l(entry.o)
    0x08000130   0x08000130   0x00000004   Code   RO         4649    .ARM.Collect$$$$00000001  mc_w.l(entry2.o)
    0x08000134   0x08000134   0x00000004   Code   RO         4652    .ARM.Collect$$$$00000004  mc_w.l(entry5.o)
    0x08000138   0x08000138   0x00000000   Code   RO         4654    .ARM.Collect$$$$00000008  mc_w.l(entry7b.o)
    0x08000138   0x08000138   0x00000000   Code   RO         4656    .ARM.Collect$$$$0000000A  mc_w.l(entry8b.o)
    0x08000138   0x08000138   0x00000008   Code   RO         4657    .ARM.Collect$$$$0000000B  mc_w.l(entry9a.o)
    0x08000140   0x08000140   0x00000000   Code   RO         4659    .ARM.Collect$$$$0000000D  mc_w.l(entry10a.o)
    0x08000140   0x08000140   0x00000000   Code   RO         4661    .ARM.Collect$$$$0000000F  mc_w.l(entry11a.o)
    0x08000140   0x08000140   0x00000004   Code   RO         4650    .ARM.Collect$$$$00002712  mc_w.l(entry2.o)
    0x08000144   0x08000144   0x00000096   Code   RO         4240    .emb_text           port.o
    0x080001da   0x080001da   0x00000002   PAD
    0x080001dc   0x080001dc   0x00000024   Code   RO           20    .text               startup_stm32f10x_hd.o
    0x08000200   0x08000200   0x00000040   Code   RO         4382    .text               mc_w.l(memmovea.o)
    0x08000240   0x08000240   0x0000002c   Code   RO         4663    .text               mc_w.l(uidiv.o)
    0x0800026c   0x0800026c   0x00000024   Code   RO         4678    .text               mc_w.l(init.o)
    0x08000290   0x08000290   0x0000003c   Code   RO         4317    i.AppTask           main.o
    0x080002cc   0x080002cc   0x00000004   Code   RO         3074    i.BusFault_Handler  stm32f10x_it.o
    0x080002d0   0x080002d0   0x0000000c   Code   RO         4355    i.CpuInit           system.o
    0x080002dc   0x080002dc   0x00000002   Code   RO         3075    i.DebugMon_Handler  stm32f10x_it.o
    0x080002de   0x080002de   0x00000116   Code   RO         1258    i.GPIO_Init         stm32f10x_gpio.o
    0x080003f4   0x080003f4   0x00000004   Code   RO         1265    i.GPIO_ResetBits    stm32f10x_gpio.o
    0x080003f8   0x080003f8   0x00000004   Code   RO         1266    i.GPIO_SetBits      stm32f10x_gpio.o
    0x080003fc   0x080003fc   0x00000004   Code   RO         3076    i.HardFault_Handler  stm32f10x_it.o
    0x08000400   0x08000400   0x00000004   Code   RO         3077    i.MemManage_Handler  stm32f10x_it.o
    0x08000404   0x08000404   0x00000002   Code   RO         3078    i.NMI_Handler       stm32f10x_it.o
    0x08000406   0x08000406   0x00000002   PAD
    0x08000408   0x08000408   0x00000070   Code   RO           24    i.NVIC_Init         misc.o
    0x08000478   0x08000478   0x00000014   Code   RO           25    i.NVIC_PriorityGroupConfig  misc.o
    0x0800048c   0x0800048c   0x00000020   Code   RO         1674    i.RCC_APB1PeriphClockCmd  stm32f10x_rcc.o
    0x080004ac   0x080004ac   0x00000020   Code   RO         1676    i.RCC_APB2PeriphClockCmd  stm32f10x_rcc.o
    0x080004cc   0x080004cc   0x000000d4   Code   RO         1684    i.RCC_GetClocksFreq  stm32f10x_rcc.o
    0x080005a0   0x080005a0   0x00000008   Code   RO         3125    i.SetSysClock       system_stm32f10x.o
    0x080005a8   0x080005a8   0x000000e0   Code   RO         3126    i.SetSysClockTo72   system_stm32f10x.o
    0x08000688   0x08000688   0x0000001a   Code   RO         4356    i.SysInit           system.o
    0x080006a2   0x080006a2   0x00000008   Code   RO         3079    i.SysTick_Handler   stm32f10x_it.o
    0x080006aa   0x080006aa   0x00000002   PAD
    0x080006ac   0x080006ac   0x00000060   Code   RO         3128    i.SystemInit        system_stm32f10x.o
    0x0800070c   0x0800070c   0x00000028   Code   RO         3259    i.USART1_IRQHandler  hal_uart.o
    0x08000734   0x08000734   0x00000012   Code   RO         2840    i.USART_ClearFlag   stm32f10x_usart.o
    0x08000746   0x08000746   0x00000018   Code   RO         2844    i.USART_Cmd         stm32f10x_usart.o
    0x0800075e   0x0800075e   0x0000001a   Code   RO         2847    i.USART_GetFlagStatus  stm32f10x_usart.o
    0x08000778   0x08000778   0x0000004a   Code   RO         2850    i.USART_ITConfig    stm32f10x_usart.o
    0x080007c2   0x080007c2   0x00000002   PAD
    0x080007c4   0x080007c4   0x000000d8   Code   RO         2851    i.USART_Init        stm32f10x_usart.o
    0x0800089c   0x0800089c   0x0000000a   Code   RO         2858    i.USART_ReceiveData  stm32f10x_usart.o
    0x080008a6   0x080008a6   0x00000004   Code   RO         3080    i.UsageFault_Handler  stm32f10x_it.o
    0x080008aa   0x080008aa   0x00000002   PAD
    0x080008ac   0x080008ac   0x00000020   Code   RO         4477    i.__0printf$3       mc_w.l(printf3.o)
    0x080008cc   0x080008cc   0x0000000e   Code   RO         4690    i.__scatterload_copy  mc_w.l(handlers.o)
    0x080008da   0x080008da   0x00000002   Code   RO         4691    i.__scatterload_null  mc_w.l(handlers.o)
    0x080008dc   0x080008dc   0x0000000e   Code   RO         4692    i.__scatterload_zeroinit  mc_w.l(handlers.o)
    0x080008ea   0x080008ea   0x00000002   PAD
    0x080008ec   0x080008ec   0x000001b8   Code   RO         4484    i._printf_core      mc_w.l(printf3.o)
    0x08000aa4   0x08000aa4   0x000000b4   Code   RO         3260    i._uart1_init       hal_uart.o
    0x08000b58   0x08000b58   0x000000b4   Code   RO         3261    i._uart2_init       hal_uart.o
    0x08000c0c   0x08000c0c   0x000000b4   Code   RO         3262    i._uart3_init       hal_uart.o
    0x08000cc0   0x08000cc0   0x00000002   Code   RO         3263    i._uart4_init       hal_uart.o
    0x08000cc2   0x08000cc2   0x00000002   Code   RO         3264    i._uart5_init       hal_uart.o
    0x08000cc4   0x08000cc4   0x00000038   Code   RO         3226    i.dev_beep_open     dev_beep.o
    0x08000cfc   0x08000cfc   0x00000024   Code   RO         3160    i.dev_led_off       dev_led.o
    0x08000d20   0x08000d20   0x00000024   Code   RO         3161    i.dev_led_on        dev_led.o
    0x08000d44   0x08000d44   0x00000034   Code   RO         3162    i.dev_led_open      dev_led.o
    0x08000d78   0x08000d78   0x0000001c   Code   RO         3349    i.fputc             log.o
    0x08000d94   0x08000d94   0x00000080   Code   RO         3266    i.hal_uart_init     hal_uart.o
    0x08000e14   0x08000e14   0x00000044   Code   RO         3269    i.hal_uart_sendbyte  hal_uart.o
    0x08000e58   0x08000e58   0x00000044   Code   RO         4318    i.main              main.o
    0x08000e9c   0x08000e9c   0x00000098   Code   RO         3759    i.prvAddCurrentTaskToDelayedList  tasks.o
    0x08000f34   0x08000f34   0x000000b4   Code   RO         3760    i.prvAddNewTaskToReadyList  tasks.o
    0x08000fe8   0x08000fe8   0x00000064   Code   RO         4073    i.prvCheckForValidListAndQueue  timers.o
    0x0800104c   0x0800104c   0x00000064   Code   RO         3761    i.prvCheckTasksWaitingTermination  tasks.o
    0x080010b0   0x080010b0   0x0000002a   Code   RO         3542    i.prvCopyDataFromQueue  queue.o
    0x080010da   0x080010da   0x0000007c   Code   RO         3543    i.prvCopyDataToQueue  queue.o
    0x08001156   0x08001156   0x00000012   Code   RO         3762    i.prvDeleteTCB      tasks.o
    0x08001168   0x08001168   0x00000028   Code   RO         4074    i.prvGetNextExpireTime  timers.o
    0x08001190   0x08001190   0x0000007c   Code   RO         4191    i.prvHeapInit       heap_4.o
    0x0800120c   0x0800120c   0x00000028   Code   RO         3763    i.prvIdleTask       tasks.o
    0x08001234   0x08001234   0x0000002a   Code   RO         3545    i.prvInitialiseNewQueue  queue.o
    0x0800125e   0x0800125e   0x00000002   PAD
    0x08001260   0x08001260   0x000000c4   Code   RO         3764    i.prvInitialiseNewTask  tasks.o
    0x08001324   0x08001324   0x00000068   Code   RO         3765    i.prvInitialiseTaskLists  tasks.o
    0x0800138c   0x0800138c   0x00000068   Code   RO         4192    i.prvInsertBlockIntoFreeList  heap_4.o
    0x080013f4   0x080013f4   0x00000058   Code   RO         4076    i.prvInsertTimerInActiveList  timers.o
    0x0800144c   0x0800144c   0x0000001a   Code   RO         3546    i.prvIsQueueEmpty   queue.o
    0x08001466   0x08001466   0x0000001e   Code   RO         3547    i.prvIsQueueFull    queue.o
    0x08001484   0x08001484   0x000000a0   Code   RO         3548    i.prvNotifyQueueSetContainer  queue.o
    0x08001524   0x08001524   0x00000080   Code   RO         4077    i.prvProcessExpiredTimer  timers.o
    0x080015a4   0x080015a4   0x0000010c   Code   RO         4078    i.prvProcessReceivedCommands  timers.o
    0x080016b0   0x080016b0   0x00000074   Code   RO         4079    i.prvProcessTimerOrBlockTask  timers.o
    0x08001724   0x08001724   0x00000034   Code   RO         3766    i.prvResetNextTaskUnblockTime  tasks.o
    0x08001758   0x08001758   0x0000002c   Code   RO         4080    i.prvSampleTimeNow  timers.o
    0x08001784   0x08001784   0x000000bc   Code   RO         4081    i.prvSwitchTimerLists  timers.o
    0x08001840   0x08001840   0x00000068   Code   RO         4241    i.prvTaskExitError  port.o
    0x080018a8   0x080018a8   0x0000001a   Code   RO         4082    i.prvTimerTask      timers.o
    0x080018c2   0x080018c2   0x00000092   Code   RO         3549    i.prvUnlockQueue    queue.o
    0x08001954   0x08001954   0x0000014c   Code   RO         4193    i.pvPortMalloc      heap_4.o
    0x08001aa0   0x08001aa0   0x00000020   Code   RO         3768    i.pvTaskIncrementMutexHeldCount  tasks.o
    0x08001ac0   0x08001ac0   0x00000024   Code   RO         4242    i.pxPortInitialiseStack  port.o
    0x08001ae4   0x08001ae4   0x0000004c   Code   RO         3271    i.receive_char      hal_uart.o
    0x08001b30   0x08001b30   0x00000028   Code   RO         3505    i.uxListRemove      list.o
    0x08001b58   0x08001b58   0x0000001a   Code   RO         3506    i.vListInitialise   list.o
    0x08001b72   0x08001b72   0x00000006   Code   RO         3507    i.vListInitialiseItem  list.o
    0x08001b78   0x08001b78   0x00000034   Code   RO         3508    i.vListInsert       list.o
    0x08001bac   0x08001bac   0x00000018   Code   RO         3509    i.vListInsertEnd    list.o
    0x08001bc4   0x08001bc4   0x00000080   Code   RO         4244    i.vPortEnterCritical  port.o
    0x08001c44   0x08001c44   0x00000068   Code   RO         4245    i.vPortExitCritical  port.o
    0x08001cac   0x08001cac   0x000000b0   Code   RO         4194    i.vPortFree         heap_4.o
    0x08001d5c   0x08001d5c   0x00000020   Code   RO         4246    i.vPortSetupTimerInterrupt  port.o
    0x08001d7c   0x08001d7c   0x00000098   Code   RO         4247    i.vPortValidateInterruptPriority  port.o
    0x08001e14   0x08001e14   0x0000002c   Code   RO         3553    i.vQueueAddToRegistry  queue.o
    0x08001e40   0x08001e40   0x0000004a   Code   RO         3556    i.vQueueWaitForMessageRestricted  queue.o
    0x08001e8a   0x08001e8a   0x00000002   PAD
    0x08001e8c   0x08001e8c   0x00000074   Code   RO         3774    i.vTaskDelay        tasks.o
    0x08001f00   0x08001f00   0x0000000c   Code   RO         3778    i.vTaskMissedYield  tasks.o
    0x08001f0c   0x08001f0c   0x00000054   Code   RO         3780    i.vTaskPlaceOnEventList  tasks.o
    0x08001f60   0x08001f60   0x0000005c   Code   RO         3781    i.vTaskPlaceOnEventListRestricted  tasks.o
    0x08001fbc   0x08001fbc   0x000000b0   Code   RO         3783    i.vTaskPriorityInherit  tasks.o
    0x0800206c   0x0800206c   0x0000004c   Code   RO         3786    i.vTaskSetTimeOutState  tasks.o
    0x080020b8   0x080020b8   0x000000ac   Code   RO         3787    i.vTaskStartScheduler  tasks.o
    0x08002164   0x08002164   0x00000010   Code   RO         3789    i.vTaskSuspendAll   tasks.o
    0x08002174   0x08002174   0x000000a8   Code   RO         3790    i.vTaskSwitchContext  tasks.o
    0x0800221c   0x0800221c   0x000000a0   Code   RO         4248    i.xPortStartScheduler  port.o
    0x080022bc   0x080022bc   0x00000034   Code   RO         4249    i.xPortSysTickHandler  port.o
    0x080022f0   0x080022f0   0x00000074   Code   RO         3561    i.xQueueGenericCreate  queue.o
    0x08002364   0x08002364   0x000001c8   Code   RO         3562    i.xQueueGenericReceive  queue.o
    0x0800252c   0x0800252c   0x000000b0   Code   RO         3563    i.xQueueGenericReset  queue.o
    0x080025dc   0x080025dc   0x000001c4   Code   RO         3564    i.xQueueGenericSend  queue.o
    0x080027a0   0x080027a0   0x00000110   Code   RO         3565    i.xQueueGenericSendFromISR  queue.o
    0x080028b0   0x080028b0   0x000000a0   Code   RO         3791    i.xTaskCheckForTimeOut  tasks.o
    0x08002950   0x08002950   0x00000060   Code   RO         3792    i.xTaskCreate       tasks.o
    0x080029b0   0x080029b0   0x00000020   Code   RO         3796    i.xTaskGetSchedulerState  tasks.o
    0x080029d0   0x080029d0   0x0000000c   Code   RO         3797    i.xTaskGetTickCount  tasks.o
    0x080029dc   0x080029dc   0x00000160   Code   RO         3799    i.xTaskIncrementTick  tasks.o
    0x08002b3c   0x08002b3c   0x000000d8   Code   RO         3802    i.xTaskPriorityDisinherit  tasks.o
    0x08002c14   0x08002c14   0x000000b4   Code   RO         3803    i.xTaskRemoveFromEventList  tasks.o
    0x08002cc8   0x08002cc8   0x00000120   Code   RO         3805    i.xTaskResumeAll    tasks.o
    0x08002de8   0x08002de8   0x00000074   Code   RO         4086    i.xTimerCreateTimerTask  timers.o
    0x08002e5c   0x08002e5c   0x000000a0   Code   RO         4087    i.xTimerGenericCommand  timers.o
    0x08002efc   0x08002efc   0x00000020   Data   RO         4688    Region$$Table       anon$$obj.o


    Execution Region RW_IRAM1 (Exec base: 0x20000000, Load base: 0x08002f1c, Size: 0x00009cc8, Max: 0x00010000, ABSOLUTE)

    Exec Addr    Load Addr    Size         Type   Attr      Idx    E Section Name        Object

    0x20000000   0x08002f1c   0x00000014   Data   RW         1704    .data               stm32f10x_rcc.o
    0x20000014   0x08002f30   0x00000014   Data   RW         3129    .data               system_stm32f10x.o
    0x20000028   0x08002f44   0x00000004   Data   RW         3163    .data               dev_led.o
    0x2000002c   0x08002f48   0x00000004   Data   RW         3227    .data               dev_beep.o
    0x20000030   0x08002f4c   0x0000001c   Data   RW         3273    .data               hal_uart.o
    0x2000004c   0x08002f68   0x00000004   Data   RW         3350    .data               log.o
    0x20000050   0x08002f6c   0x0000003c   Data   RW         3808    .data               tasks.o
    0x2000008c   0x08002fa8   0x00000014   Data   RW         4093    .data               timers.o
    0x200000a0   0x08002fbc   0x00000018   Data   RW         4199    .data               heap_4.o
    0x200000b8   0x08002fd4   0x0000000c   Data   RW         4250    .data               port.o
    0x200000c4   0x08002fe0   0x00000004   Data   RW         4319    .data               main.o
    0x200000c8        -       0x00000428   Zero   RW         3272    .bss                hal_uart.o
    0x200004f0        -       0x000000c8   Zero   RW         3576    .bss                queue.o
    0x200005b8        -       0x000002e4   Zero   RW         3807    .bss                tasks.o
    0x2000089c        -       0x00000028   Zero   RW         4092    .bss                timers.o
    0x200008c4        -       0x00009000   Zero   RW         4198    .bss                heap_4.o
    0x200098c4   0x08002fe4   0x00000004   PAD
    0x200098c8        -       0x00000400   Zero   RW           17    STACK               startup_stm32f10x_hd.o


==============================================================================

Image component sizes


      Code (inc. data)   RO Data    RW Data    ZI Data      Debug   Object Name

         0          0          0          0          0       4540   core_cm3.o
         0          0          0          0          0       9980   croutine.o
        56         10          0          4          0        720   dev_beep.o
       124         28          0          4          0       1726   dev_led.o
         0          0          0          0          0      11712   event_groups.o
       856         70          0         28       1064       5848   hal_uart.o
       736        160          0         24      36864       3831   heap_4.o
       148          0          0          0          0       3122   list.o
        28          0          0          4          0       2438   log.o
       128         38          0          4          0       1167   main.o
       132         22          0          0          0     229863   misc.o
       918        288          0         12          0      10021   port.o
      2160        238          0          0        200      15293   queue.o
        36          8        304          0       1024        832   startup_stm32f10x_hd.o
       286          0          0          0          0       3224   stm32f10x_gpio.o
        28          0          0          0          0       3291   stm32f10x_it.o
       276         32          0         20          0       4642   stm32f10x_rcc.o
       368          6          0          0          0       5662   stm32f10x_usart.o
        38          0          0          0          0        848   system.o
       328         28          0         20          0       2461   system_stm32f10x.o
      3122        802          0         60        740      27741   tasks.o
      1274        312          0         20         40       8347   timers.o

    ----------------------------------------------------------------------
     11056       2042        336        200      39936     357309   Object Totals
         0          0         32          0          0          0   (incl. Generated)
        14          0          0          0          4          0   (incl. Padding)

    ----------------------------------------------------------------------

      Code (inc. data)   RO Data    RW Data    ZI Data      Debug   Library Member Name

         0          0          0          0          0          0   entry.o
         0          0          0          0          0          0   entry10a.o
         0          0          0          0          0          0   entry11a.o
         8          4          0          0          0          0   entry2.o
         4          0          0          0          0          0   entry5.o
         0          0          0          0          0          0   entry7b.o
         0          0          0          0          0          0   entry8b.o
         8          4          0          0          0          0   entry9a.o
        30          0          0          0          0          0   handlers.o
        36          8          0          0          0         68   init.o
        64          0          0          0          0         76   memmovea.o
       472         14          0          0          0        184   printf3.o
        44          0          0          0          0         80   uidiv.o

    ----------------------------------------------------------------------
       668         30          0          0          0        408   Library Totals
         2          0          0          0          0          0   (incl. Padding)

    ----------------------------------------------------------------------

      Code (inc. data)   RO Data    RW Data    ZI Data      Debug   Library Name

       666         30          0          0          0        408   mc_w.l

    ----------------------------------------------------------------------
       668         30          0          0          0        408   Library Totals

    ----------------------------------------------------------------------

==============================================================================


      Code (inc. data)   RO Data    RW Data    ZI Data      Debug   

     11724       2072        336        200      39936     352149   Grand Totals
     11724       2072        336        200      39936     352149   ELF Image Totals
     11724       2072        336        200          0          0   ROM Totals

==============================================================================

    Total RO  Size (Code + RO Data)                12060 (  11.78kB)
    Total RW  Size (RW Data + ZI Data)             40136 (  39.20kB)
    Total ROM Size (Code + RO Data + RW Data)      12260 (  11.97kB)

==============================================================================

