<html>
<body>
<pre>
<h1>µVision Build Log</h1>
<h2>Tool Versions:</h2>
IDE-Version: ¦ÌVision V5.26.2.0
Copyright (C) 2018 ARM Ltd and ARM Germany GmbH. All rights reserved.
License Information: 1 2, 3, LIC=2TTQD-8MVN8-NTG3G-VDM8C-VKYDM-GSB9W
 
Tool Versions:
Toolchain:       MDK-ARM Professional  Version: 5.26.2.0
Toolchain Path:  C:\Keil_v5\ARM\ARMCC\Bin
C Compiler:      Armcc.exe V5.06 update 6 (build 750)
Assembler:       Armasm.exe V5.06 update 6 (build 750)
Linker/Locator:  ArmLink.exe V5.06 update 6 (build 750)
Library Manager: ArmAr.exe V5.06 update 6 (build 750)
Hex Converter:   FromElf.exe V5.06 update 6 (build 750)
CPU DLL:         SARMCM3.DLL V5.26.2.0
Dialog DLL:      DARMSTM.DLL V1.68.0.0
Target DLL:      UL2CM3.DLL V1.161.6.0
Dialog DLL:      TCM.DLL V1.36.1.0
 
<h2>Project:</h2>
D:\LocalReposity\FreeRTOS_STM32F103\MDK\STM32F103_FOC.uvprojx
Project File Date:  10/26/2020

<h2>Output:</h2>
*** Using Compiler 'V5.06 update 6 (build 750)', folder: 'C:\Keil_v5\ARM\ARMCC\Bin'
Build target 'STM32_FOC'
compiling dev_led.c...
compiling dev_beep.c...
compiling dev_sysTick.c...
compiling hal_uart.c...
..\HAL\src\hal_uart.c(53): warning:  #550-D: variable "RecCh"  was set but never used
  	uint8 RecCh;
..\HAL\src\hal_uart.c(125): warning:  #68-D: integer conversion resulted in a change of sign
  		return DEV_ERROR;
..\HAL\src\hal_uart.c(68): warning:  #177-D: function "receive_char"  was declared but never referenced
  static void receive_char(char ch)
..\HAL\src\hal_uart.c(78): warning:  #177-D: function "read_buf"  was declared but never referenced
  static int read_buf(char* buf, int len)
..\HAL\src\hal_uart.c: 4 warnings, 0 errors
compiling main.c...
..\SRC\main.c(13): warning:  #223-D: function "UsartSendString" declared implicitly
  		UsartSendString(USART1,"CTask is Running.\n--------------------------------\n");
..\SRC\main.c(7): warning:  #177-D: variable "data"  was declared but never referenced
  	uint8_t data = 0x12;
..\SRC\main.c: 2 warnings, 0 errors
compiling system.c...
linking...
Program Size: Code=2908 RO-data=336 RW-data=32 ZI-data=2112  
FromELF: creating hex file...
"..\OBJ\STM32F103_FOC.axf" - 0 Error(s), 6 Warning(s).

<h2>Software Packages used:</h2>

Package Vendor: Keil
                http://www.keil.com/pack/Keil.STM32F1xx_DFP.2.3.0.pack
                Keil.STM32F1xx_DFP.2.3.0
                STMicroelectronics STM32F1 Series Device Support, Drivers and Examples

<h2>Collection of Component include folders:</h2>
  .\RTE\_STM32_FOC
  C:\Keil_v5\ARM\PACK\Keil\STM32F1xx_DFP\2.3.0\Device\Include

<h2>Collection of Component Files used:</h2>
Build Time Elapsed:  00:00:04
</pre>
</body>
</html>
